Component: ARM Compiler 5.06 update 6 (build 750) Tool: armlink [4d35ed]

==============================================================================

Section Cross References

    main.o(i.ADC_show) refers to printf1.o(i.__0sprintf$1) for __2sprintf
    main.o(i.ADC_show) refers to glcd.o(i.GUI_Text) for GUI_Text
    main.o(i.ADC_show) refers to main.o(.bss) for l_adc
    main.o(i.ADC_show) refers to main.o(.data) for polldata
    main.o(i.Digital_show) refers to glcd.o(i.tftlcd_draw_rectangle) for tftlcd_draw_rectangle
    main.o(i.Digital_show) refers to printf1.o(i.__0sprintf$1) for __2sprintf
    main.o(i.Digital_show) refers to glcd.o(i.GUI_Text) for GUI_Text
    main.o(i.Digital_show) refers to main.o(.data) for polldata
    main.o(i.ETH_Task) refers to simple_server.o(i.simple_server) for simple_server
    main.o(i.ETH_Task) refers to stm32f10x_gpio.o(i.GPIO_SetBits) for GPIO_SetBits
    main.o(i.GUI_Task) refers to stmflash_1.o(i.STMFLASH_Write) for STMFLASH_Write
    main.o(i.GUI_Task) refers to ip_arp_udp_tcp.o(i.init_ip_arp_udp_tcp) for init_ip_arp_udp_tcp
    main.o(i.GUI_Task) refers to main.o(i.home_show) for home_show
    main.o(i.GUI_Task) refers to main.o(i.message_show) for message_show
    main.o(i.GUI_Task) refers to glcd.o(i.tftlcd_draw_rectangle) for tftlcd_draw_rectangle
    main.o(i.GUI_Task) refers to glcd.o(i.GUI_Text) for GUI_Text
    main.o(i.GUI_Task) refers to stm32f10x_gpio.o(i.GPIO_ReadInputDataBit) for GPIO_ReadInputDataBit
    main.o(i.GUI_Task) refers to stm32f10x_it.o(i.dif_count1) for dif_count1
    main.o(i.GUI_Task) refers to stm32f10x_it.o(i.setms_timecount1) for setms_timecount1
    main.o(i.GUI_Task) refers to glcd.o(i.LCD_Clear) for LCD_Clear
    main.o(i.GUI_Task) refers to glcd.o(i.tftlcd_write_pic) for tftlcd_write_pic
    main.o(i.GUI_Task) refers to stm32f10x_it.o(i.setms_timecount) for setms_timecount
    main.o(i.GUI_Task) refers to main.o(i.Digital_show) for Digital_show
    main.o(i.GUI_Task) refers to main.o(i.ADC_show) for ADC_show
    main.o(i.GUI_Task) refers to simple_server.o(.data) for myip
    main.o(i.GUI_Task) refers to main.o(.data) for ip_Set_act
    main.o(i.GUI_Task) refers to main.o(.constdata) for niawell
    main.o(i.GUI_Task) refers to printf1.o(i.__0sprintf$1) for __2sprintf
    main.o(i.GUI_Task) refers to stm32f10x_it.o(i.dif_count) for dif_count
    main.o(i.Poll_Handle) refers to stm32f10x_gpio.o(i.GPIO_SetBits) for GPIO_SetBits
    main.o(i.Poll_Handle) refers to stm32f10x_gpio.o(i.GPIO_ResetBits) for GPIO_ResetBits
    main.o(i.Poll_Handle) refers to stm32f10x_gpio.o(i.GPIO_ReadInputDataBit) for GPIO_ReadInputDataBit
    main.o(i.Poll_Handle) refers to stm32f10x_tim.o(i.TIM_OC2Init) for TIM_OC2Init
    main.o(i.Poll_Handle) refers to stm32f10x_tim.o(i.TIM_OC2PreloadConfig) for TIM_OC2PreloadConfig
    main.o(i.Poll_Handle) refers to stm32f10x_tim.o(i.TIM_OC3Init) for TIM_OC3Init
    main.o(i.Poll_Handle) refers to stm32f10x_tim.o(i.TIM_OC3PreloadConfig) for TIM_OC3PreloadConfig
    main.o(i.Poll_Handle) refers to main.o(.data) for polldata
    main.o(i.Poll_Handle) refers to main.o(.bss) for adc_avg
    main.o(i.Poll_Handle) refers to scada_init.o(.bss) for ADC_ConvertedValue
    main.o(i.home_show) refers to glcd.o(i.LCD_Clear) for LCD_Clear
    main.o(i.home_show) refers to glcd.o(i.tftlcd_write_pic) for tftlcd_write_pic
    main.o(i.home_show) refers to glcd.o(i.Set_font) for Set_font
    main.o(i.home_show) refers to printf1.o(i.__0sprintf$1) for __2sprintf
    main.o(i.home_show) refers to glcd.o(i.GUI_Text) for GUI_Text
    main.o(i.home_show) refers to glcd.o(i.tftlcd_draw_rectangle) for tftlcd_draw_rectangle
    main.o(i.home_show) refers to main.o(i.message_show) for message_show
    main.o(i.home_show) refers to main.o(.constdata) for niawell
    main.o(i.home_show) refers to simple_server.o(.data) for myip
    main.o(i.home_show) refers to main.o(.data) for f_help_me
    main.o(i.main) refers to stmflash_1.o(i.STMFLASH_Read) for STMFLASH_Read
    main.o(i.main) refers to stmflash_1.o(i.STMFLASH_Write) for STMFLASH_Write
    main.o(i.main) refers to scada_init.o(i.relay_init) for relay_init
    main.o(i.main) refers to spi.o(i.SPI1_Init) for SPI1_Init
    main.o(i.main) refers to scada_init.o(i.adc_init) for adc_init
    main.o(i.main) refers to scada_init.o(i.input_init) for input_init
    main.o(i.main) refers to scada_init.o(i.pwm_init) for pwm_init
    main.o(i.main) refers to scada_init.o(i.key_init) for key_init
    main.o(i.main) refers to systick.o(i.delay_init) for delay_init
    main.o(i.main) refers to stm32f10x_gpio.o(i.GPIO_ReadInputDataBit) for GPIO_ReadInputDataBit
    main.o(i.main) refers to glcd.o(i.LCD_Initializtion) for LCD_Initializtion
    main.o(i.main) refers to glcd.o(i.LCD_BackLight_Init) for LCD_BackLight_Init
    main.o(i.main) refers to glcd.o(i.LCD_Clear) for LCD_Clear
    main.o(i.main) refers to tasks.o(i.xTaskGenericCreate) for xTaskGenericCreate
[...]
    ..\Libraries\STM32F10x_StdPeriph_Driver\src\stm32f10x_flash.c 0x00000000   Number         0  stm32f10x_flash.o ABSOLUTE
    ..\Libraries\STM32F10x_StdPeriph_Driver\src\stm32f10x_fsmc.c 0x00000000   Number         0  stm32f10x_fsmc.o ABSOLUTE
    ..\Libraries\STM32F10x_StdPeriph_Driver\src\stm32f10x_gpio.c 0x00000000   Number         0  stm32f10x_gpio.o ABSOLUTE
    ..\Libraries\STM32F10x_StdPeriph_Driver\src\stm32f10x_i2c.c 0x00000000   Number         0  stm32f10x_i2c.o ABSOLUTE
    ..\Libraries\STM32F10x_StdPeriph_Driver\src\stm32f10x_iwdg.c 0x00000000   Number         0  stm32f10x_iwdg.o ABSOLUTE
    ..\Libraries\STM32F10x_StdPeriph_Driver\src\stm32f10x_pwr.c 0x00000000   Number         0  stm32f10x_pwr.o ABSOLUTE
    ..\Libraries\STM32F10x_StdPeriph_Driver\src\stm32f10x_rcc.c 0x00000000   Number         0  stm32f10x_rcc.o ABSOLUTE
    ..\Libraries\STM32F10x_StdPeriph_Driver\src\stm32f10x_rtc.c 0x00000000   Number         0  stm32f10x_rtc.o ABSOLUTE
    ..\Libraries\STM32F10x_StdPeriph_Driver\src\stm32f10x_sdio.c 0x00000000   Number         0  stm32f10x_sdio.o ABSOLUTE
    ..\Libraries\STM32F10x_StdPeriph_Driver\src\stm32f10x_spi.c 0x00000000   Number         0  stm32f10x_spi.o ABSOLUTE
    ..\Libraries\STM32F10x_StdPeriph_Driver\src\stm32f10x_tim.c 0x00000000   Number         0  stm32f10x_tim.o ABSOLUTE
    ..\Libraries\STM32F10x_StdPeriph_Driver\src\stm32f10x_usart.c 0x00000000   Number         0  stm32f10x_usart.o ABSOLUTE
    ..\Libraries\STM32F10x_StdPeriph_Driver\src\stm32f10x_wwdg.c 0x00000000   Number         0  stm32f10x_wwdg.o ABSOLUTE
    ..\USER\FreeRTOSV6.1.0\list.c            0x00000000   Number         0  list.o ABSOLUTE
    ..\USER\FreeRTOSV6.1.0\portable\MemMang\heap_2.c 0x00000000   Number         0  heap_2.o ABSOLUTE
    ..\USER\FreeRTOSV6.1.0\portable\RVDS\ARM_CM3\port.c 0x00000000   Number         0  port.o ABSOLUTE
    ..\USER\FreeRTOSV6.1.0\queue.c           0x00000000   Number         0  queue.o ABSOLUTE
    ..\USER\FreeRTOSV6.1.0\tasks.c           0x00000000   Number         0  tasks.o ABSOLUTE
    ..\USER\GLCD\AsciiLib.c                  0x00000000   Number         0  asciilib.o ABSOLUTE
    ..\USER\GLCD\GLCD.c                      0x00000000   Number         0  glcd.o ABSOLUTE
    ..\USER\GLCD\HzLib.c                     0x00000000   Number         0  hzlib.o ABSOLUTE
    ..\USER\Net\ip_arp_udp_tcp.c             0x00000000   Number         0  ip_arp_udp_tcp.o ABSOLUTE
    ..\USER\Net\simple_server.c              0x00000000   Number         0  simple_server.o ABSOLUTE
    ..\USER\STMFLASH\stmflash.c              0x00000000   Number         0  stmflash_1.o ABSOLUTE
    ..\USER\SysTick\stm32f10x_systick.c      0x00000000   Number         0  stm32f10x_systick.o ABSOLUTE
    ..\USER\SysTick\systick.c                0x00000000   Number         0  systick.o ABSOLUTE
    ..\USER\enc28j60\ENC28J60.C              0x00000000   Number         0  enc28j60.o ABSOLUTE
    ..\USER\enc28j60\SPI.C                   0x00000000   Number         0  spi.o ABSOLUTE
    ..\USER\main.c                           0x00000000   Number         0  main.o ABSOLUTE
    ..\USER\scada_init.c                     0x00000000   Number         0  scada_init.o ABSOLUTE
    ..\USER\stm32f10x_it.c                   0x00000000   Number         0  stm32f10x_it.o ABSOLUTE
    ..\USER\system_stm32f10x.c               0x00000000   Number         0  system_stm32f10x.o ABSOLUTE
    ..\\Libraries\\CMSIS\\CM3\\CoreSupport\\core_cm3.c 0x00000000   Number         0  core_cm3.o ABSOLUTE
    ..\\USER\\FreeRTOSV6.1.0\\portable\\RVDS\\ARM_CM3\\port.c 0x00000000   Number         0  port.o ABSOLUTE
    cdrcmple.s                               0x00000000   Number         0  cdrcmple.o ABSOLUTE
    dc.s                                     0x00000000   Number         0  dc.o ABSOLUTE
    handlers.s                               0x00000000   Number         0  handlers.o ABSOLUTE
    init.s                                   0x00000000   Number         0  init.o ABSOLUTE
    RESET                                    0x08000000   Section      304  startup_stm32f10x_hd.o(RESET)
    .ARM.Collect$$$$00000000                 0x08000130   Section        0  entry.o(.ARM.Collect$$$$00000000)
    .ARM.Collect$$$$00000001                 0x08000130   Section        4  entry2.o(.ARM.Collect$$$$00000001)
    .ARM.Collect$$$$00000004                 0x08000134   Section        4  entry5.o(.ARM.Collect$$$$00000004)
    .ARM.Collect$$$$00000008                 0x08000138   Section        0  entry7b.o(.ARM.Collect$$$$00000008)
    .ARM.Collect$$$$0000000A                 0x08000138   Section        0  entry8b.o(.ARM.Collect$$$$0000000A)
    .ARM.Collect$$$$0000000B                 0x08000138   Section        8  entry9a.o(.ARM.Collect$$$$0000000B)
    .ARM.Collect$$$$0000000D                 0x08000140   Section        0  entry10a.o(.ARM.Collect$$$$0000000D)
    .ARM.Collect$$$$0000000F                 0x08000140   Section        0  entry11a.o(.ARM.Collect$$$$0000000F)
    .ARM.Collect$$$$00002712                 0x08000140   Section        4  entry2.o(.ARM.Collect$$$$00002712)
    __lit__00000000                          0x08000140   Data           4  entry2.o(.ARM.Collect$$$$00002712)
    .emb_text                                0x08000144   Section      136  port.o(.emb_text)
    .text                                    0x080001cc   Section       36  startup_stm32f10x_hd.o(.text)
    .text                                    0x080001f0   Section        0  memseta.o(.text)
    .text                                    0x08000214   Section        0  strncpy.o(.text)
    .text                                    0x0800022c   Section        0  uidiv.o(.text)
    .text                                    0x08000258   Section       36  init.o(.text)
    i.ADC_Cmd                                0x0800027c   Section        0  stm32f10x_adc.o(i.ADC_Cmd)
    i.ADC_DMACmd                             0x08000292   Section        0  stm32f10x_adc.o(i.ADC_DMACmd)
    i.ADC_GetCalibrationStatus               0x080002a8   Section        0  stm32f10x_adc.o(i.ADC_GetCalibrationStatus)
    i.ADC_GetResetCalibrationStatus          0x080002bc   Section        0  stm32f10x_adc.o(i.ADC_GetResetCalibrationStatus)
    i.ADC_Init                               0x080002d0   Section        0  stm32f10x_adc.o(i.ADC_Init)
    i.ADC_RegularChannelConfig               0x08000320   Section        0  stm32f10x_adc.o(i.ADC_RegularChannelConfig)
    i.ADC_ResetCalibration                   0x080003d8   Section        0  stm32f10x_adc.o(i.ADC_ResetCalibration)
    i.ADC_SoftwareStartConvCmd               0x080003e2   Section        0  stm32f10x_adc.o(i.ADC_SoftwareStartConvCmd)
    i.ADC_StartCalibration                   0x080003f8   Section        0  stm32f10x_adc.o(i.ADC_StartCalibration)
    i.ADC_show                               0x08000404   Section        0  main.o(i.ADC_show)
    i.BusFault_Handler                       0x080004fc   Section        0  stm32f10x_it.o(i.BusFault_Handler)
    i.DMA_Cmd                                0x08000500   Section        0  stm32f10x_dma.o(i.DMA_Cmd)
    i.DMA_DeInit                             0x08000518   Section        0  stm32f10x_dma.o(i.DMA_DeInit)
    i.DMA_Init                               0x08000664   Section        0  stm32f10x_dma.o(i.DMA_Init)
    i.DebugMon_Handler                       0x080006a0   Section        0  stm32f10x_it.o(i.DebugMon_Handler)
    i.Digital_show                           0x080006a4   Section        0  main.o(i.Digital_show)
    i.ETH_Task                               0x08000980   Section        0  main.o(i.ETH_Task)
    i.EXTI15_10_IRQHandler                   0x08000994   Section        0  stm32f10x_it.o(i.EXTI15_10_IRQHandler)
    i.EXTI_ClearITPendingBit                 0x080009d8   Section        0  stm32f10x_exti.o(i.EXTI_ClearITPendingBit)
    i.EXTI_GetITStatus                       0x080009e4   Section        0  stm32f10x_exti.o(i.EXTI_GetITStatus)
    i.EXTI_Init                              0x08000a0c   Section        0  stm32f10x_exti.o(i.EXTI_Init)
    i.FLASH_ErasePage                        0x08000aa0   Section        0  stm32f10x_flash.o(i.FLASH_ErasePage)
    i.FLASH_GetBank1Status                   0x08000aec   Section        0  stm32f10x_flash.o(i.FLASH_GetBank1Status)
    i.FLASH_Lock                             0x08000b20   Section        0  stm32f10x_flash.o(i.FLASH_Lock)
    i.FLASH_ProgramHalfWord                  0x08000b34   Section        0  stm32f10x_flash.o(i.FLASH_ProgramHalfWord)
    i.FLASH_Unlock                           0x08000b74   Section        0  stm32f10x_flash.o(i.FLASH_Unlock)
    i.FLASH_WaitForLastOperation             0x08000b8c   Section        0  stm32f10x_flash.o(i.FLASH_WaitForLastOperation)
    i.FSMC_NORSRAMCmd                        0x08000bb4   Section        0  stm32f10x_fsmc.o(i.FSMC_NORSRAMCmd)
    i.FSMC_NORSRAMInit                       0x08000be8   Section        0  stm32f10x_fsmc.o(i.FSMC_NORSRAMInit)
    i.GPIO_EXTILineConfig                    0x08000cd0   Section        0  stm32f10x_gpio.o(i.GPIO_EXTILineConfig)
    i.GPIO_Init                              0x08000d10   Section        0  stm32f10x_gpio.o(i.GPIO_Init)
    i.GPIO_PinRemapConfig                    0x08000e28   Section        0  stm32f10x_gpio.o(i.GPIO_PinRemapConfig)
    i.GPIO_ReadInputDataBit                  0x08000eb8   Section        0  stm32f10x_gpio.o(i.GPIO_ReadInputDataBit)
    i.GPIO_ResetBits                         0x08000eca   Section        0  stm32f10x_gpio.o(i.GPIO_ResetBits)
    i.GPIO_SetBits                           0x08000ece   Section        0  stm32f10x_gpio.o(i.GPIO_SetBits)
    i.GUI_Task                               0x08000ed4   Section        0  main.o(i.GUI_Task)
    i.GUI_Text                               0x0800172c   Section        0  glcd.o(i.GUI_Text)
    i.GetASCIICode                           0x08001798   Section        0  asciilib.o(i.GetASCIICode)
    i.HardFault_Handler                      0x080017f4   Section        0  stm32f10x_it.o(i.HardFault_Handler)
    i.LCD_BackLight_Init                     0x080017f8   Section        0  glcd.o(i.LCD_BackLight_Init)
    i.LCD_Clear                              0x0800189c   Section        0  glcd.o(i.LCD_Clear)
    i.LCD_Configuration                      0x0800191c   Section        0  glcd.o(i.LCD_Configuration)
    LCD_Configuration                        0x0800191d   Thumb Code    12  glcd.o(i.LCD_Configuration)
    i.LCD_CtrlLinesConfig                    0x08001928   Section        0  glcd.o(i.LCD_CtrlLinesConfig)
    LCD_CtrlLinesConfig                      0x08001929   Thumb Code   110  glcd.o(i.LCD_CtrlLinesConfig)
    i.LCD_FSMCConfig                         0x080019a4   Section        0  glcd.o(i.LCD_FSMCConfig)
    LCD_FSMCConfig                           0x080019a5   Thumb Code   116  glcd.o(i.LCD_FSMCConfig)
    i.LCD_Initializtion                      0x08001a18   Section        0  glcd.o(i.LCD_Initializtion)
    i.LCD_ReadData                           0x0800317c   Section        0  glcd.o(i.LCD_ReadData)
    i.LCD_ReadReg                            0x08003188   Section        0  glcd.o(i.LCD_ReadReg)
    i.LCD_SetCursor                          0x08003198   Section        0  glcd.o(i.LCD_SetCursor)
    LCD_SetCursor                            0x08003199   Thumb Code   120  glcd.o(i.LCD_SetCursor)
    i.LCD_SetPoint                           0x08003214   Section        0  glcd.o(i.LCD_SetPoint)
    i.LCD_WriteData                          0x0800323c   Section        0  glcd.o(i.LCD_WriteData)
    i.LCD_WriteIndex                         0x08003248   Section        0  glcd.o(i.LCD_WriteIndex)
    i.LCD_WriteReg                           0x08003250   Section        0  glcd.o(i.LCD_WriteReg)
    i.MemManage_Handler                      0x08003264   Section        0  stm32f10x_it.o(i.MemManage_Handler)
    i.NMI_Handler                            0x08003268   Section        0  stm32f10x_it.o(i.NMI_Handler)
    i.NVIC_Init                              0x0800326c   Section        0  misc.o(i.NVIC_Init)
    i.NVIC_PriorityGroupConfig               0x080032dc   Section        0  misc.o(i.NVIC_PriorityGroupConfig)
    i.Poll_Handle                            0x080032f0   Section        0  main.o(i.Poll_Handle)
    i.PutChar                                0x08003658   Section        0  glcd.o(i.PutChar)
    i.RCC_AHBPeriphClockCmd                  0x08003710   Section        0  stm32f10x_rcc.o(i.RCC_AHBPeriphClockCmd)
    i.RCC_APB1PeriphClockCmd                 0x08003730   Section        0  stm32f10x_rcc.o(i.RCC_APB1PeriphClockCmd)
    i.RCC_APB2PeriphClockCmd                 0x08003750   Section        0  stm32f10x_rcc.o(i.RCC_APB2PeriphClockCmd)
    i.RCC_GetClocksFreq                      0x08003770   Section        0  stm32f10x_rcc.o(i.RCC_GetClocksFreq)
    i.SPI1_Init                              0x08003844   Section        0  spi.o(i.SPI1_Init)
    i.SPI1_ReadWrite                         0x08003904   Section        0  spi.o(i.SPI1_ReadWrite)
    i.SPI_Cmd                                0x0800393c   Section        0  stm32f10x_spi.o(i.SPI_Cmd)
    i.SPI_I2S_GetFlagStatus                  0x08003954   Section        0  stm32f10x_spi.o(i.SPI_I2S_GetFlagStatus)
    i.SPI_I2S_ReceiveData                    0x08003966   Section        0  stm32f10x_spi.o(i.SPI_I2S_ReceiveData)
    i.SPI_I2S_SendData                       0x0800396c   Section        0  stm32f10x_spi.o(i.SPI_I2S_SendData)
    i.SPI_Init                               0x08003970   Section        0  stm32f10x_spi.o(i.SPI_Init)
    i.STMFLASH_Read                          0x080039ac   Section        0  stmflash_1.o(i.STMFLASH_Read)
    i.STMFLASH_ReadHalfWord                  0x080039ce   Section        0  stmflash_1.o(i.STMFLASH_ReadHalfWord)
    i.STMFLASH_Write                         0x080039d4   Section        0  stmflash_1.o(i.STMFLASH_Write)
    i.STMFLASH_Write_NoCheck                 0x08003abc   Section        0  stmflash_1.o(i.STMFLASH_Write_NoCheck)
    i.SetSysClock                            0x08003ae2   Section        0  system_stm32f10x.o(i.SetSysClock)
    SetSysClock                              0x08003ae3   Thumb Code     8  system_stm32f10x.o(i.SetSysClock)
    i.SetSysClockTo72                        0x08003aec   Section        0  system_stm32f10x.o(i.SetSysClockTo72)
    SetSysClockTo72                          0x08003aed   Thumb Code   214  system_stm32f10x.o(i.SetSysClockTo72)
    i.Set_font                               0x08003bcc   Section        0  glcd.o(i.Set_font)
    i.SysTick_CLKSourceConfig                0x08003c04   Section        0  misc.o(i.SysTick_CLKSourceConfig)
    i.SysTick_CounterCmd                     0x08003c2c   Section        0  stm32f10x_systick.o(i.SysTick_CounterCmd)
    i.SysTick_GetFlagStatus                  0x08003c62   Section        0  stm32f10x_systick.o(i.SysTick_GetFlagStatus)
    i.SysTick_Handler                        0x08003c90   Section        0  port.o(i.SysTick_Handler)
    i.SysTick_ITConfig                       0x08003cc4   Section        0  stm32f10x_systick.o(i.SysTick_ITConfig)
    i.SysTick_SetReload                      0x08003cea   Section        0  stm32f10x_systick.o(i.SysTick_SetReload)
    i.SystemInit                             0x08003cf4   Section        0  system_stm32f10x.o(i.SystemInit)
    i.TIM_ARRPreloadConfig                   0x08003d54   Section        0  stm32f10x_tim.o(i.TIM_ARRPreloadConfig)
    i.TIM_Cmd                                0x08003d6c   Section        0  stm32f10x_tim.o(i.TIM_Cmd)
    i.TIM_OC2Init                            0x08003d84   Section        0  stm32f10x_tim.o(i.TIM_OC2Init)
    i.TIM_OC2PreloadConfig                   0x08003e28   Section        0  stm32f10x_tim.o(i.TIM_OC2PreloadConfig)
    i.TIM_OC3Init                            0x08003e44   Section        0  stm32f10x_tim.o(i.TIM_OC3Init)
    i.TIM_OC3PreloadConfig                   0x08003ee4   Section        0  stm32f10x_tim.o(i.TIM_OC3PreloadConfig)
    i.TIM_OC4Init                            0x08003ef8   Section        0  stm32f10x_tim.o(i.TIM_OC4Init)
    i.TIM_OC4PreloadConfig                   0x08003f74   Section        0  stm32f10x_tim.o(i.TIM_OC4PreloadConfig)
    i.TIM_TimeBaseInit                       0x08003f90   Section        0  stm32f10x_tim.o(i.TIM_TimeBaseInit)
    i.UsageFault_Handler                     0x08004034   Section        0  stm32f10x_it.o(i.UsageFault_Handler)
    i.__0sprintf$1                           0x08004038   Section        0  printf1.o(i.__0sprintf$1)
    i.__scatterload_copy                     0x08004060   Section       14  handlers.o(i.__scatterload_copy)
    i.__scatterload_null                     0x0800406e   Section        2  handlers.o(i.__scatterload_null)
    i.__scatterload_zeroinit                 0x08004070   Section       14  handlers.o(i.__scatterload_zeroinit)
    i._printf_core                           0x08004080   Section        0  printf1.o(i._printf_core)
    _printf_core                             0x08004081   Thumb Code   336  printf1.o(i._printf_core)
    i._sputc                                 0x080041d4   Section        0  printf1.o(i._sputc)
    _sputc                                   0x080041d5   Thumb Code    10  printf1.o(i._sputc)
    i.adc_init                               0x080041e0   Section        0  scada_init.o(i.adc_init)
    i.checksum                               0x08004394   Section        0  ip_arp_udp_tcp.o(i.checksum)
    i.delay_init                             0x080043e8   Section        0  systick.o(i.delay_init)
    i.delay_ms                               0x0800442c   Section        0  systick.o(i.delay_ms)
    i.dif_count                              0x08004480   Section        0  stm32f10x_it.o(i.dif_count)
    i.dif_count1                             0x080044a0   Section        0  stm32f10x_it.o(i.dif_count1)
    i.enc28j60Init                           0x080044c0   Section        0  enc28j60.o(i.enc28j60Init)
    i.enc28j60PacketReceive                  0x08004644   Section        0  enc28j60.o(i.enc28j60PacketReceive)
    i.enc28j60PacketSend                     0x08004704   Section        0  enc28j60.o(i.enc28j60PacketSend)
    i.enc28j60PhyWrite                       0x0800476a   Section        0  enc28j60.o(i.enc28j60PhyWrite)
    i.enc28j60Read                           0x0800479a   Section        0  enc28j60.o(i.enc28j60Read)
    i.enc28j60ReadBuffer                     0x080047b0   Section        0  enc28j60.o(i.enc28j60ReadBuffer)
    i.enc28j60ReadOp                         0x080047ec   Section        0  enc28j60.o(i.enc28j60ReadOp)
    i.enc28j60SetBank                        0x08004830   Section        0  enc28j60.o(i.enc28j60SetBank)
    i.enc28j60Write                          0x08004864   Section        0  enc28j60.o(i.enc28j60Write)
    i.enc28j60WriteBuffer                    0x0800487c   Section        0  enc28j60.o(i.enc28j60WriteBuffer)
    i.enc28j60WriteOp                        0x080048b4   Section        0  enc28j60.o(i.enc28j60WriteOp)
    i.enc28j60clkout                         0x080048f0   Section        0  enc28j60.o(i.enc28j60clkout)
    i.enc28j60getrev                         0x08004900   Section        0  enc28j60.o(i.enc28j60getrev)
    i.eth_type_is_arp_and_my_ip              0x0800490c   Section        0  ip_arp_udp_tcp.o(i.eth_type_is_arp_and_my_ip)
    i.eth_type_is_ip_and_my_ip               0x08004950   Section        0  ip_arp_udp_tcp.o(i.eth_type_is_ip_and_my_ip)
    i.fill_ip_hdr_checksum                   0x0800499c   Section        0  ip_arp_udp_tcp.o(i.fill_ip_hdr_checksum)
    i.fill_tcp_data_p                        0x080049c8   Section        0  ip_arp_udp_tcp.o(i.fill_tcp_data_p)
    i.get_tcp_data_pointer                   0x080049ec   Section        0  ip_arp_udp_tcp.o(i.get_tcp_data_pointer)
    i.home_show                              0x08004a08   Section        0  main.o(i.home_show)
    i.init_ip_arp_udp_tcp                    0x08004b28   Section        0  ip_arp_udp_tcp.o(i.init_ip_arp_udp_tcp)
    i.init_len_info                          0x08004b64   Section        0  ip_arp_udp_tcp.o(i.init_len_info)
    i.input_init                             0x08004ba4   Section        0  scada_init.o(i.input_init)
    i.key_init                               0x08004bb4   Section        0  scada_init.o(i.key_init)
    i.main                                   0x08004c7c   Section        0  main.o(i.main)
    i.make_arp_answer_from_request           0x08004da0   Section        0  ip_arp_udp_tcp.o(i.make_arp_answer_from_request)
    i.make_echo_reply_from_request           0x08004e04   Section        0  ip_arp_udp_tcp.o(i.make_echo_reply_from_request)
    i.make_eth                               0x08004e44   Section        0  ip_arp_udp_tcp.o(i.make_eth)
    i.make_ip                                0x08004e68   Section        0  ip_arp_udp_tcp.o(i.make_ip)
    i.make_tcp_ack_from_any                  0x08004e98   Section        0  ip_arp_udp_tcp.o(i.make_tcp_ack_from_any)
    i.make_tcp_ack_with_data                 0x08004f00   Section        0  ip_arp_udp_tcp.o(i.make_tcp_ack_with_data)
    i.make_tcp_synack_from_syn               0x08004f4c   Section        0  ip_arp_udp_tcp.o(i.make_tcp_synack_from_syn)
    i.make_tcphead                           0x08004f98   Section        0  ip_arp_udp_tcp.o(i.make_tcphead)
    i.message_show                           0x0800504c   Section        0  main.o(i.message_show)
    i.prvAllocateTCBAndStack                 0x08005358   Section        0  tasks.o(i.prvAllocateTCBAndStack)
    prvAllocateTCBAndStack                   0x08005359   Thumb Code    58  tasks.o(i.prvAllocateTCBAndStack)
    i.prvCheckTasksWaitingTermination        0x08005394   Section        0  tasks.o(i.prvCheckTasksWaitingTermination)
    prvCheckTasksWaitingTermination          0x08005395   Thumb Code    94  tasks.o(i.prvCheckTasksWaitingTermination)
    i.prvDeleteTCB                           0x08005400   Section        0  tasks.o(i.prvDeleteTCB)
    prvDeleteTCB                             0x08005401   Thumb Code    18  tasks.o(i.prvDeleteTCB)
    i.prvIdleTask                            0x08005414   Section        0  tasks.o(i.prvIdleTask)
    prvIdleTask                              0x08005415   Thumb Code    20  tasks.o(i.prvIdleTask)
    i.prvInitialiseTCBVariables              0x0800542c   Section        0  tasks.o(i.prvInitialiseTCBVariables)
    prvInitialiseTCBVariables                0x0800542d   Thumb Code    68  tasks.o(i.prvInitialiseTCBVariables)
    i.prvInitialiseTaskLists                 0x08005470   Section        0  tasks.o(i.prvInitialiseTaskLists)
    prvInitialiseTaskLists                   0x08005471   Thumb Code    70  tasks.o(i.prvInitialiseTaskLists)
    i.prvSetupTimerInterrupt                 0x080054d8   Section        0  port.o(i.prvSetupTimerInterrupt)
    prvSetupTimerInterrupt                   0x080054d9   Thumb Code    14  port.o(i.prvSetupTimerInterrupt)
    i.pvPortMalloc                           0x080054ec   Section        0  heap_2.o(i.pvPortMalloc)
    i.pwm_init                               0x080055c4   Section        0  scada_init.o(i.pwm_init)
    i.pxPortInitialiseStack                  0x08005668   Section        0  port.o(i.pxPortInitialiseStack)
    i.relay_init                             0x08005684   Section        0  scada_init.o(i.relay_init)
    i.setms_timecount                        0x080056f0   Section        0  stm32f10x_it.o(i.setms_timecount)
    i.setms_timecount1                       0x0800570c   Section        0  stm32f10x_it.o(i.setms_timecount1)
    i.simple_server                          0x08005728   Section        0  simple_server.o(i.simple_server)
    i.tftlcd_draw_rectangle                  0x08005bec   Section        0  glcd.o(i.tftlcd_draw_rectangle)
    i.tftlcd_write_pic                       0x08005c2c   Section        0  glcd.o(i.tftlcd_write_pic)
    i.vListInitialise                        0x08005c7a   Section        0  list.o(i.vListInitialise)
    i.vListInitialiseItem                    0x08005c94   Section        0  list.o(i.vListInitialiseItem)
    i.vListInsert                            0x08005c9a   Section        0  list.o(i.vListInsert)
    i.vListInsertEnd                         0x08005cce   Section        0  list.o(i.vListInsertEnd)
    i.vListRemove                            0x08005cea   Section        0  list.o(i.vListRemove)
    i.vPortEnterCritical                     0x08005d10   Section        0  port.o(i.vPortEnterCritical)
    i.vPortExitCritical                      0x08005d28   Section        0  port.o(i.vPortExitCritical)
    i.vPortFree                              0x08005d44   Section        0  heap_2.o(i.vPortFree)
    i.vPortYieldFromISR                      0x08005d84   Section        0  port.o(i.vPortYieldFromISR)
    i.vTaskDelay                             0x08005d94   Section        0  tasks.o(i.vTaskDelay)
    i.vTaskIncrementTick                     0x08005dfc   Section        0  tasks.o(i.vTaskIncrementTick)
    i.vTaskStartScheduler                    0x08005ebc   Section        0  tasks.o(i.vTaskStartScheduler)
    i.vTaskSuspendAll                        0x08005f04   Section        0  tasks.o(i.vTaskSuspendAll)
    i.vTaskSwitchContext                     0x08005f14   Section        0  tasks.o(i.vTaskSwitchContext)
    i.xPortStartScheduler                    0x08005f84   Section        0  port.o(i.xPortStartScheduler)
    i.xTaskGenericCreate                     0x08005fb8   Section        0  tasks.o(i.xTaskGenericCreate)
    i.xTaskResumeAll                         0x080060c4   Section        0  tasks.o(i.xTaskResumeAll)
    .constdata                               0x080061a0   Section    43748  main.o(.constdata)
    .constdata                               0x08010c84   Section     6080  asciilib.o(.constdata)
    AsciiLib1                                0x08010c84   Data        1520  asciilib.o(.constdata)
    .data                                    0x20000000   Section       43  main.o(.data)
    l_digit_in                               0x20000022   Data           2  main.o(.data)
    l_digit_out                              0x20000024   Data           2  main.o(.data)
    l_pwm1                                   0x20000026   Data           2  main.o(.data)
    l_pwm2                                   0x20000028   Data           2  main.o(.data)
    msgl                                     0x2000002a   Data           1  main.o(.data)
    .data                                    0x20000030   Section       24  stm32f10x_it.o(.data)
    .data                                    0x20000048   Section       14  glcd.o(.data)
    TimerPeriod                              0x2000004e   Data           2  glcd.o(.data)
    Channel2Pulse                            0x20000050   Data           2  glcd.o(.data)
    LCD_Code                                 0x20000052   Data           1  glcd.o(.data)
    .data                                    0x20000056   Section        5  systick.o(.data)
    delay_fac_us                             0x20000056   Data           1  systick.o(.data)
    delay_fac_ms                             0x20000058   Data           2  systick.o(.data)
    Status                                   0x2000005a   Data           1  systick.o(.data)
    .data                                    0x2000005b   Section       20  stm32f10x_rcc.o(.data)
    APBAHBPrescTable                         0x2000005b   Data          16  stm32f10x_rcc.o(.data)
    ADCPrescTable                            0x2000006b   Data           4  stm32f10x_rcc.o(.data)
    .data                                    0x20000070   Section       21  ip_arp_udp_tcp.o(.data)
    wwwport                                  0x20000070   Data           2  ip_arp_udp_tcp.o(.data)
    macaddr                                  0x20000072   Data           6  ip_arp_udp_tcp.o(.data)
    ipaddr                                   0x20000078   Data           4  ip_arp_udp_tcp.o(.data)
    info_hdr_len                             0x2000007c   Data           4  ip_arp_udp_tcp.o(.data)
    info_data_len                            0x20000080   Data           4  ip_arp_udp_tcp.o(.data)
    seqnum                                   0x20000084   Data           1  ip_arp_udp_tcp.o(.data)
    .data                                    0x20000086   Section       36  simple_server.o(.data)
    baseurl                                  0x20000090   Data          22  simple_server.o(.data)
    myudpport                                0x200000a8   Data           2  simple_server.o(.data)
    .data                                    0x200000aa   Section        4  enc28j60.o(.data)
    Enc28j60Bank                             0x200000aa   Data           1  enc28j60.o(.data)
    NextPacketPtr                            0x200000ac   Data           2  enc28j60.o(.data)
    .data                                    0x200000b0   Section       56  tasks.o(.data)
    pxDelayedTaskList                        0x200000b4   Data           4  tasks.o(.data)
    pxOverflowDelayedTaskList                0x200000b8   Data           4  tasks.o(.data)
    uxTasksDeleted                           0x200000bc   Data           4  tasks.o(.data)
    uxCurrentNumberOfTasks                   0x200000c0   Data           4  tasks.o(.data)
    xTickCount                               0x200000c4   Data           4  tasks.o(.data)
    uxTopUsedPriority                        0x200000c8   Data           4  tasks.o(.data)
    uxTopReadyPriority                       0x200000cc   Data           4  tasks.o(.data)
    xSchedulerRunning                        0x200000d0   Data           4  tasks.o(.data)
    uxSchedulerSuspended                     0x200000d4   Data           4  tasks.o(.data)
    uxMissedTicks                            0x200000d8   Data           4  tasks.o(.data)
    xMissedYield                             0x200000dc   Data           4  tasks.o(.data)
    xNumOfOverflows                          0x200000e0   Data           4  tasks.o(.data)
    uxTaskNumber                             0x200000e4   Data           4  tasks.o(.data)
    .data                                    0x200000e8   Section        4  port.o(.data)
    uxCriticalNesting                        0x200000e8   Data           4  port.o(.data)
    .data                                    0x200000ec   Section       24  heap_2.o(.data)
    xStart                                   0x200000ec   Data           8  heap_2.o(.data)
    xEnd                                     0x200000f4   Data           8  heap_2.o(.data)
    xFreeBytesRemaining                      0x200000fc   Data           4  heap_2.o(.data)
    xHeapHasBeenInitialised                  0x20000100   Data           4  heap_2.o(.data)
    .bss                                     0x20000104   Section       28  main.o(.bss)
    l_adc                                    0x20000112   Data          14  main.o(.bss)
    .bss                                     0x20000120   Section       14  scada_init.o(.bss)
    .bss                                     0x2000012e   Section     2048  stmflash_1.o(.bss)
    .bss                                     0x2000092e   Section     1501  simple_server.o(.bss)
    buf                                      0x2000092e   Data        1501  simple_server.o(.bss)
    .bss                                     0x20000f0c   Section      200  tasks.o(.bss)
    pxReadyTasksLists                        0x20000f0c   Data         100  tasks.o(.bss)
    xDelayedTaskList1                        0x20000f70   Data          20  tasks.o(.bss)
    xDelayedTaskList2                        0x20000f84   Data          20  tasks.o(.bss)
    xPendingReadyList                        0x20000f98   Data          20  tasks.o(.bss)
    xTasksWaitingTermination                 0x20000fac   Data          20  tasks.o(.bss)
    xSuspendedTaskList                       0x20000fc0   Data          20  tasks.o(.bss)
    .bss                                     0x20000fd8   Section    15360  heap_2.o(.bss)
    xHeap                                    0x20000fd8   Data       15360  heap_2.o(.bss)
    STACK                                    0x20004bd8   Section     4096  startup_stm32f10x_hd.o(STACK)

    Global Symbols

    Symbol Name                              Value     Ov Type        Size  Object(Section)

    BuildAttributes$$THM_ISAv4$P$D$K$B$S$PE$A:L22UL41UL21$X:L11$S22US41US21$IEEE1$IW$USESV6$~STKCKD$USESV7$~SHL$OSPACE$ROPI$EBA8$MICROLIB$REQ8$PRES8$EABIv2 0x00000000   Number         0  anon$$obj.o ABSOLUTE
    __ARM_use_no_argv                        0x00000000   Number         0  main.o ABSOLUTE
    _printf_a                                0x00000000   Number         0  stubs.o ABSOLUTE
    _printf_c                                0x00000000   Number         0  stubs.o ABSOLUTE
    _printf_charcount                        0x00000000   Number         0  stubs.o ABSOLUTE
    _printf_d                                0x00000000   Number         0  stubs.o ABSOLUTE
    _printf_e                                0x00000000   Number         0  stubs.o ABSOLUTE
    _printf_f                                0x00000000   Number         0  stubs.o ABSOLUTE
    _printf_flags                            0x00000000   Number         0  stubs.o ABSOLUTE
    _printf_fp_dec                           0x00000000   Number         0  stubs.o ABSOLUTE
    _printf_fp_hex                           0x00000000   Number         0  stubs.o ABSOLUTE
    _printf_g                                0x00000000   Number         0  stubs.o ABSOLUTE
    _printf_i                                0x00000000   Number         0  stubs.o ABSOLUTE
    _printf_int_dec                          0x00000000   Number         0  stubs.o ABSOLUTE
    _printf_l                                0x00000000   Number         0  stubs.o ABSOLUTE
    _printf_lc                               0x00000000   Number         0  stubs.o ABSOLUTE
    _printf_ll                               0x00000000   Number         0  stubs.o ABSOLUTE
    _printf_lld                              0x00000000   Number         0  stubs.o ABSOLUTE
    _printf_lli                              0x00000000   Number         0  stubs.o ABSOLUTE
    _printf_llo                              0x00000000   Number         0  stubs.o ABSOLUTE
    _printf_llu                              0x00000000   Number         0  stubs.o ABSOLUTE
    _printf_llx                              0x00000000   Number         0  stubs.o ABSOLUTE
    _printf_longlong_dec                     0x00000000   Number         0  stubs.o ABSOLUTE
    _printf_longlong_hex                     0x00000000   Number         0  stubs.o ABSOLUTE
    _printf_longlong_oct                     0x00000000   Number         0  stubs.o ABSOLUTE
    _printf_ls                               0x00000000   Number         0  stubs.o ABSOLUTE
    _printf_mbtowc                           0x00000000   Number         0  stubs.o ABSOLUTE
    _printf_n                                0x00000000   Number         0  stubs.o ABSOLUTE
    _printf_o                                0x00000000   Number         0  stubs.o ABSOLUTE
    _printf_p                                0x00000000   Number         0  stubs.o ABSOLUTE
    _printf_percent                          0x00000000   Number         0  stubs.o ABSOLUTE
    _printf_pre_padding                      0x00000000   Number         0  stubs.o ABSOLUTE
    _printf_return_value                     0x00000000   Number         0  stubs.o ABSOLUTE
    _printf_s                                0x00000000   Number         0  stubs.o ABSOLUTE
    _printf_sizespec                         0x00000000   Number         0  stubs.o ABSOLUTE
    _printf_str                              0x00000000   Number         0  stubs.o ABSOLUTE
    _printf_truncate_signed                  0x00000000   Number         0  stubs.o ABSOLUTE
    _printf_truncate_unsigned                0x00000000   Number         0  stubs.o ABSOLUTE
    _printf_u                                0x00000000   Number         0  stubs.o ABSOLUTE
    _printf_wc                               0x00000000   Number         0  stubs.o ABSOLUTE
    _printf_wctomb                           0x00000000   Number         0  stubs.o ABSOLUTE
    _printf_widthprec                        0x00000000   Number         0  stubs.o ABSOLUTE
    _printf_x                                0x00000000   Number         0  stubs.o ABSOLUTE
    __cpp_initialize__aeabi_                  - Undefined Weak Reference
    __cxa_finalize                            - Undefined Weak Reference
    __decompress                              - Undefined Weak Reference
    _clock_init                               - Undefined Weak Reference
    _microlib_exit                            - Undefined Weak Reference
    __Vectors_Size                           0x00000130   Number         0  startup_stm32f10x_hd.o ABSOLUTE
    __Vectors                                0x08000000   Data           4  startup_stm32f10x_hd.o(RESET)
    __Vectors_End                            0x08000130   Data           0  startup_stm32f10x_hd.o(RESET)
    __main                                   0x08000131   Thumb Code     0  entry.o(.ARM.Collect$$$$00000000)
    _main_stk                                0x08000131   Thumb Code     0  entry2.o(.ARM.Collect$$$$00000001)
    _main_scatterload                        0x08000135   Thumb Code     0  entry5.o(.ARM.Collect$$$$00000004)
    __main_after_scatterload                 0x08000139   Thumb Code     0  entry5.o(.ARM.Collect$$$$00000004)
    _main_clock                              0x08000139   Thumb Code     0  entry7b.o(.ARM.Collect$$$$00000008)
    _main_cpp_init                           0x08000139   Thumb Code     0  entry8b.o(.ARM.Collect$$$$0000000A)
    _main_init                               0x08000139   Thumb Code     0  entry9a.o(.ARM.Collect$$$$0000000B)
    __rt_final_cpp                           0x08000141   Thumb Code     0  entry10a.o(.ARM.Collect$$$$0000000D)
    __rt_final_exit                          0x08000141   Thumb Code     0  entry11a.o(.ARM.Collect$$$$0000000F)
    SVC_Handler                              0x08000145   Thumb Code    28  port.o(.emb_text)
    vPortStartFirstTask                      0x08000165   Thumb Code    12  port.o(.emb_text)
    PendSV_Handler                           0x08000175   Thumb Code    56  port.o(.emb_text)
    vPortSetInterruptMask                    0x080001b1   Thumb Code    14  port.o(.emb_text)
    vPortClearInterruptMask                  0x080001bf   Thumb Code    14  port.o(.emb_text)
    Reset_Handler                            0x080001cd   Thumb Code     8  startup_stm32f10x_hd.o(.text)
    ADC1_2_IRQHandler                        0x080001e7   Thumb Code     0  startup_stm32f10x_hd.o(.text)
    ADC3_IRQHandler                          0x080001e7   Thumb Code     0  startup_stm32f10x_hd.o(.text)
    CAN1_RX1_IRQHandler                      0x080001e7   Thumb Code     0  startup_stm32f10x_hd.o(.text)
    CAN1_SCE_IRQHandler                      0x080001e7   Thumb Code     0  startup_stm32f10x_hd.o(.text)
    DMA1_Channel1_IRQHandler                 0x080001e7   Thumb Code     0  startup_stm32f10x_hd.o(.text)
    DMA1_Channel2_IRQHandler                 0x080001e7   Thumb Code     0  startup_stm32f10x_hd.o(.text)
    DMA1_Channel3_IRQHandler                 0x080001e7   Thumb Code     0  startup_stm32f10x_hd.o(.text)
    DMA1_Channel4_IRQHandler                 0x080001e7   Thumb Code     0  startup_stm32f10x_hd.o(.text)
    DMA1_Channel5_IRQHandler                 0x080001e7   Thumb Code     0  startup_stm32f10x_hd.o(.text)
    DMA1_Channel6_IRQHandler                 0x080001e7   Thumb Code     0  startup_stm32f10x_hd.o(.text)
    DMA1_Channel7_IRQHandler                 0x080001e7   Thumb Code     0  startup_stm32f10x_hd.o(.text)
    DMA2_Channel1_IRQHandler                 0x080001e7   Thumb Code     0  startup_stm32f10x_hd.o(.text)
    DMA2_Channel2_IRQHandler                 0x080001e7   Thumb Code     0  startup_stm32f10x_hd.o(.text)
    DMA2_Channel3_IRQHandler                 0x080001e7   Thumb Code     0  startup_stm32f10x_hd.o(.text)
    DMA2_Channel4_5_IRQHandler               0x080001e7   Thumb Code     0  startup_stm32f10x_hd.o(.text)
    EXTI0_IRQHandler                         0x080001e7   Thumb Code     0  startup_stm32f10x_hd.o(.text)
    EXTI1_IRQHandler                         0x080001e7   Thumb Code     0  startup_stm32f10x_hd.o(.text)
    EXTI2_IRQHandler                         0x080001e7   Thumb Code     0  startup_stm32f10x_hd.o(.text)
    EXTI3_IRQHandler                         0x080001e7   Thumb Code     0  startup_stm32f10x_hd.o(.text)
    EXTI4_IRQHandler                         0x080001e7   Thumb Code     0  startup_stm32f10x_hd.o(.text)
    EXTI9_5_IRQHandler                       0x080001e7   Thumb Code     0  startup_stm32f10x_hd.o(.text)
    FLASH_IRQHandler                         0x080001e7   Thumb Code     0  startup_stm32f10x_hd.o(.text)
    FSMC_IRQHandler                          0x080001e7   Thumb Code     0  startup_stm32f10x_hd.o(.text)
    I2C1_ER_IRQHandler                       0x080001e7   Thumb Code     0  startup_stm32f10x_hd.o(.text)
    I2C1_EV_IRQHandler                       0x080001e7   Thumb Code     0  startup_stm32f10x_hd.o(.text)
    I2C2_ER_IRQHandler                       0x080001e7   Thumb Code     0  startup_stm32f10x_hd.o(.text)
    I2C2_EV_IRQHandler                       0x080001e7   Thumb Code     0  startup_stm32f10x_hd.o(.text)
    PVD_IRQHandler                           0x080001e7   Thumb Code     0  startup_stm32f10x_hd.o(.text)
    RCC_IRQHandler                           0x080001e7   Thumb Code     0  startup_stm32f10x_hd.o(.text)
    RTCAlarm_IRQHandler                      0x080001e7   Thumb Code     0  startup_stm32f10x_hd.o(.text)
    RTC_IRQHandler                           0x080001e7   Thumb Code     0  startup_stm32f10x_hd.o(.text)
    SDIO_IRQHandler                          0x080001e7   Thumb Code     0  startup_stm32f10x_hd.o(.text)
    SPI1_IRQHandler                          0x080001e7   Thumb Code     0  startup_stm32f10x_hd.o(.text)
    SPI2_IRQHandler                          0x080001e7   Thumb Code     0  startup_stm32f10x_hd.o(.text)
    SPI3_IRQHandler                          0x080001e7   Thumb Code     0  startup_stm32f10x_hd.o(.text)
    TAMPER_IRQHandler                        0x080001e7   Thumb Code     0  startup_stm32f10x_hd.o(.text)
    TIM1_BRK_IRQHandler                      0x080001e7   Thumb Code     0  startup_stm32f10x_hd.o(.text)
    TIM1_CC_IRQHandler                       0x080001e7   Thumb Code     0  startup_stm32f10x_hd.o(.text)
    TIM1_TRG_COM_IRQHandler                  0x080001e7   Thumb Code     0  startup_stm32f10x_hd.o(.text)
    TIM1_UP_IRQHandler                       0x080001e7   Thumb Code     0  startup_stm32f10x_hd.o(.text)
    TIM2_IRQHandler                          0x080001e7   Thumb Code     0  startup_stm32f10x_hd.o(.text)
    TIM3_IRQHandler                          0x080001e7   Thumb Code     0  startup_stm32f10x_hd.o(.text)
    TIM4_IRQHandler                          0x080001e7   Thumb Code     0  startup_stm32f10x_hd.o(.text)
    TIM5_IRQHandler                          0x080001e7   Thumb Code     0  startup_stm32f10x_hd.o(.text)
    TIM6_IRQHandler                          0x080001e7   Thumb Code     0  startup_stm32f10x_hd.o(.text)
    TIM7_IRQHandler                          0x080001e7   Thumb Code     0  startup_stm32f10x_hd.o(.text)
    TIM8_BRK_IRQHandler                      0x080001e7   Thumb Code     0  startup_stm32f10x_hd.o(.text)
    TIM8_CC_IRQHandler                       0x080001e7   Thumb Code     0  startup_stm32f10x_hd.o(.text)
    TIM8_TRG_COM_IRQHandler                  0x080001e7   Thumb Code     0  startup_stm32f10x_hd.o(.text)
    TIM8_UP_IRQHandler                       0x080001e7   Thumb Code     0  startup_stm32f10x_hd.o(.text)
    UART4_IRQHandler                         0x080001e7   Thumb Code     0  startup_stm32f10x_hd.o(.text)
    UART5_IRQHandler                         0x080001e7   Thumb Code     0  startup_stm32f10x_hd.o(.text)
    USART1_IRQHandler                        0x080001e7   Thumb Code     0  startup_stm32f10x_hd.o(.text)
    USART2_IRQHandler                        0x080001e7   Thumb Code     0  startup_stm32f10x_hd.o(.text)
    USART3_IRQHandler                        0x080001e7   Thumb Code     0  startup_stm32f10x_hd.o(.text)
    USBWakeUp_IRQHandler                     0x080001e7   Thumb Code     0  startup_stm32f10x_hd.o(.text)
    USB_HP_CAN1_TX_IRQHandler                0x080001e7   Thumb Code     0  startup_stm32f10x_hd.o(.text)
    USB_LP_CAN1_RX0_IRQHandler               0x080001e7   Thumb Code     0  startup_stm32f10x_hd.o(.text)
    WWDG_IRQHandler                          0x080001e7   Thumb Code     0  startup_stm32f10x_hd.o(.text)
    __aeabi_memset                           0x080001f1   Thumb Code    14  memseta.o(.text)
    __aeabi_memset4                          0x080001f1   Thumb Code     0  memseta.o(.text)
    __aeabi_memset8                          0x080001f1   Thumb Code     0  memseta.o(.text)
    __aeabi_memclr                           0x080001ff   Thumb Code     4  memseta.o(.text)
    __aeabi_memclr4                          0x080001ff   Thumb Code     0  memseta.o(.text)
    __aeabi_memclr8                          0x080001ff   Thumb Code     0  memseta.o(.text)
    _memset$wrapper                          0x08000203   Thumb Code    18  memseta.o(.text)
    strncpy                                  0x08000215   Thumb Code    24  strncpy.o(.text)
    __aeabi_uidiv                            0x0800022d   Thumb Code     0  uidiv.o(.text)
    __aeabi_uidivmod                         0x0800022d   Thumb Code    44  uidiv.o(.text)
    __scatterload                            0x08000259   Thumb Code    28  init.o(.text)
    __scatterload_rt2                        0x08000259   Thumb Code     0  init.o(.text)
    ADC_Cmd                                  0x0800027d   Thumb Code    22  stm32f10x_adc.o(i.ADC_Cmd)
    ADC_DMACmd                               0x08000293   Thumb Code    22  stm32f10x_adc.o(i.ADC_DMACmd)
    ADC_GetCalibrationStatus                 0x080002a9   Thumb Code    20  stm32f10x_adc.o(i.ADC_GetCalibrationStatus)
    ADC_GetResetCalibrationStatus            0x080002bd   Thumb Code    20  stm32f10x_adc.o(i.ADC_GetResetCalibrationStatus)
    ADC_Init                                 0x080002d1   Thumb Code    70  stm32f10x_adc.o(i.ADC_Init)
    ADC_RegularChannelConfig                 0x08000321   Thumb Code   184  stm32f10x_adc.o(i.ADC_RegularChannelConfig)
    ADC_ResetCalibration                     0x080003d9   Thumb Code    10  stm32f10x_adc.o(i.ADC_ResetCalibration)
    ADC_SoftwareStartConvCmd                 0x080003e3   Thumb Code    22  stm32f10x_adc.o(i.ADC_SoftwareStartConvCmd)
    ADC_StartCalibration                     0x080003f9   Thumb Code    10  stm32f10x_adc.o(i.ADC_StartCalibration)
    ADC_show                                 0x08000405   Thumb Code   220  main.o(i.ADC_show)
    BusFault_Handler                         0x080004fd   Thumb Code     4  stm32f10x_it.o(i.BusFault_Handler)
    DMA_Cmd                                  0x08000501   Thumb Code    24  stm32f10x_dma.o(i.DMA_Cmd)
    DMA_DeInit                               0x08000519   Thumb Code   324  stm32f10x_dma.o(i.DMA_DeInit)
    DMA_Init                                 0x08000665   Thumb Code    60  stm32f10x_dma.o(i.DMA_Init)
    DebugMon_Handler                         0x080006a1   Thumb Code     2  stm32f10x_it.o(i.DebugMon_Handler)
    Digital_show                             0x080006a5   Thumb Code   652  main.o(i.Digital_show)
    ETH_Task                                 0x08000981   Thumb Code    16  main.o(i.ETH_Task)
    EXTI15_10_IRQHandler                     0x08000995   Thumb Code    56  stm32f10x_it.o(i.EXTI15_10_IRQHandler)
    EXTI_ClearITPendingBit                   0x080009d9   Thumb Code     6  stm32f10x_exti.o(i.EXTI_ClearITPendingBit)
    EXTI_GetITStatus                         0x080009e5   Thumb Code    34  stm32f10x_exti.o(i.EXTI_GetITStatus)
    EXTI_Init                                0x08000a0d   Thumb Code   142  stm32f10x_exti.o(i.EXTI_Init)
    FLASH_ErasePage                          0x08000aa1   Thumb Code    72  stm32f10x_flash.o(i.FLASH_ErasePage)
    FLASH_GetBank1Status                     0x08000aed   Thumb Code    48  stm32f10x_flash.o(i.FLASH_GetBank1Status)
    FLASH_Lock                               0x08000b21   Thumb Code    14  stm32f10x_flash.o(i.FLASH_Lock)
    FLASH_ProgramHalfWord                    0x08000b35   Thumb Code    60  stm32f10x_flash.o(i.FLASH_ProgramHalfWord)
    FLASH_Unlock                             0x08000b75   Thumb Code    12  stm32f10x_flash.o(i.FLASH_Unlock)
    FLASH_WaitForLastOperation               0x08000b8d   Thumb Code    38  stm32f10x_flash.o(i.FLASH_WaitForLastOperation)
    FSMC_NORSRAMCmd                          0x08000bb5   Thumb Code    46  stm32f10x_fsmc.o(i.FSMC_NORSRAMCmd)
    FSMC_NORSRAMInit                         0x08000be9   Thumb Code   230  stm32f10x_fsmc.o(i.FSMC_NORSRAMInit)
    GPIO_EXTILineConfig                      0x08000cd1   Thumb Code    60  stm32f10x_gpio.o(i.GPIO_EXTILineConfig)
    GPIO_Init                                0x08000d11   Thumb Code   278  stm32f10x_gpio.o(i.GPIO_Init)
    GPIO_PinRemapConfig                      0x08000e29   Thumb Code   138  stm32f10x_gpio.o(i.GPIO_PinRemapConfig)
    GPIO_ReadInputDataBit                    0x08000eb9   Thumb Code    18  stm32f10x_gpio.o(i.GPIO_ReadInputDataBit)
    GPIO_ResetBits                           0x08000ecb   Thumb Code     4  stm32f10x_gpio.o(i.GPIO_ResetBits)
    GPIO_SetBits                             0x08000ecf   Thumb Code     4  stm32f10x_gpio.o(i.GPIO_SetBits)
    GUI_Task                                 0x08000ed5   Thumb Code  2122  main.o(i.GUI_Task)
    GUI_Text                                 0x0800172d   Thumb Code    98  glcd.o(i.GUI_Text)
    GetASCIICode                             0x08001799   Thumb Code    80  asciilib.o(i.GetASCIICode)
    HardFault_Handler                        0x080017f5   Thumb Code     4  stm32f10x_it.o(i.HardFault_Handler)
    LCD_BackLight_Init                       0x080017f9   Thumb Code   152  glcd.o(i.LCD_BackLight_Init)
    LCD_Clear                                0x0800189d   Thumb Code   122  glcd.o(i.LCD_Clear)
    LCD_Initializtion                        0x08001a19   Thumb Code  5980  glcd.o(i.LCD_Initializtion)
    LCD_ReadData                             0x0800317d   Thumb Code     6  glcd.o(i.LCD_ReadData)
    LCD_ReadReg                              0x08003189   Thumb Code    16  glcd.o(i.LCD_ReadReg)
    LCD_SetPoint                             0x08003215   Thumb Code    40  glcd.o(i.LCD_SetPoint)
    LCD_WriteData                            0x0800323d   Thumb Code     6  glcd.o(i.LCD_WriteData)
    LCD_WriteIndex                           0x08003249   Thumb Code     8  glcd.o(i.LCD_WriteIndex)
    LCD_WriteReg                             0x08003251   Thumb Code    20  glcd.o(i.LCD_WriteReg)
    MemManage_Handler                        0x08003265   Thumb Code     4  stm32f10x_it.o(i.MemManage_Handler)
    NMI_Handler                              0x08003269   Thumb Code     2  stm32f10x_it.o(i.NMI_Handler)
    NVIC_Init                                0x0800326d   Thumb Code   100  misc.o(i.NVIC_Init)
    NVIC_PriorityGroupConfig                 0x080032dd   Thumb Code    10  misc.o(i.NVIC_PriorityGroupConfig)
    Poll_Handle                              0x080032f1   Thumb Code   834  main.o(i.Poll_Handle)
    PutChar                                  0x08003659   Thumb Code   172  glcd.o(i.PutChar)
    RCC_AHBPeriphClockCmd                    0x08003711   Thumb Code    26  stm32f10x_rcc.o(i.RCC_AHBPeriphClockCmd)
    RCC_APB1PeriphClockCmd                   0x08003731   Thumb Code    26  stm32f10x_rcc.o(i.RCC_APB1PeriphClockCmd)
    RCC_APB2PeriphClockCmd                   0x08003751   Thumb Code    26  stm32f10x_rcc.o(i.RCC_APB2PeriphClockCmd)
    RCC_GetClocksFreq                        0x08003771   Thumb Code   192  stm32f10x_rcc.o(i.RCC_GetClocksFreq)
    SPI1_Init                                0x08003845   Thumb Code   178  spi.o(i.SPI1_Init)
    SPI1_ReadWrite                           0x08003905   Thumb Code    50  spi.o(i.SPI1_ReadWrite)
    SPI_Cmd                                  0x0800393d   Thumb Code    24  stm32f10x_spi.o(i.SPI_Cmd)
    SPI_I2S_GetFlagStatus                    0x08003955   Thumb Code    18  stm32f10x_spi.o(i.SPI_I2S_GetFlagStatus)
    SPI_I2S_ReceiveData                      0x08003967   Thumb Code     6  stm32f10x_spi.o(i.SPI_I2S_ReceiveData)
    SPI_I2S_SendData                         0x0800396d   Thumb Code     4  stm32f10x_spi.o(i.SPI_I2S_SendData)
    SPI_Init                                 0x08003971   Thumb Code    60  stm32f10x_spi.o(i.SPI_Init)
    STMFLASH_Read                            0x080039ad   Thumb Code    34  stmflash_1.o(i.STMFLASH_Read)
    STMFLASH_ReadHalfWord                    0x080039cf   Thumb Code     6  stmflash_1.o(i.STMFLASH_ReadHalfWord)
    STMFLASH_Write                           0x080039d5   Thumb Code   222  stmflash_1.o(i.STMFLASH_Write)
    STMFLASH_Write_NoCheck                   0x08003abd   Thumb Code    38  stmflash_1.o(i.STMFLASH_Write_NoCheck)
    Set_font                                 0x08003bcd   Thumb Code    44  glcd.o(i.Set_font)
    SysTick_CLKSourceConfig                  0x08003c05   Thumb Code    40  misc.o(i.SysTick_CLKSourceConfig)
    SysTick_CounterCmd                       0x08003c2d   Thumb Code    54  stm32f10x_systick.o(i.SysTick_CounterCmd)
    SysTick_GetFlagStatus                    0x08003c63   Thumb Code    46  stm32f10x_systick.o(i.SysTick_GetFlagStatus)
    SysTick_Handler                          0x08003c91   Thumb Code    44  port.o(i.SysTick_Handler)
    SysTick_ITConfig                         0x08003cc5   Thumb Code    38  stm32f10x_systick.o(i.SysTick_ITConfig)
    SysTick_SetReload                        0x08003ceb   Thumb Code     8  stm32f10x_systick.o(i.SysTick_SetReload)
    SystemInit                               0x08003cf5   Thumb Code    78  system_stm32f10x.o(i.SystemInit)
    TIM_ARRPreloadConfig                     0x08003d55   Thumb Code    24  stm32f10x_tim.o(i.TIM_ARRPreloadConfig)
    TIM_Cmd                                  0x08003d6d   Thumb Code    24  stm32f10x_tim.o(i.TIM_Cmd)
    TIM_OC2Init                              0x08003d85   Thumb Code   154  stm32f10x_tim.o(i.TIM_OC2Init)
    TIM_OC2PreloadConfig                     0x08003e29   Thumb Code    26  stm32f10x_tim.o(i.TIM_OC2PreloadConfig)
    TIM_OC3Init                              0x08003e45   Thumb Code   150  stm32f10x_tim.o(i.TIM_OC3Init)
    TIM_OC3PreloadConfig                     0x08003ee5   Thumb Code    18  stm32f10x_tim.o(i.TIM_OC3PreloadConfig)
    TIM_OC4Init                              0x08003ef9   Thumb Code   114  stm32f10x_tim.o(i.TIM_OC4Init)
    TIM_OC4PreloadConfig                     0x08003f75   Thumb Code    26  stm32f10x_tim.o(i.TIM_OC4PreloadConfig)
    TIM_TimeBaseInit                         0x08003f91   Thumb Code   122  stm32f10x_tim.o(i.TIM_TimeBaseInit)
    UsageFault_Handler                       0x08004035   Thumb Code     4  stm32f10x_it.o(i.UsageFault_Handler)
    __0sprintf$1                             0x08004039   Thumb Code    34  printf1.o(i.__0sprintf$1)
    __1sprintf$1                             0x08004039   Thumb Code     0  printf1.o(i.__0sprintf$1)
    __2sprintf                               0x08004039   Thumb Code     0  printf1.o(i.__0sprintf$1)
    __scatterload_copy                       0x08004061   Thumb Code    14  handlers.o(i.__scatterload_copy)
    __scatterload_null                       0x0800406f   Thumb Code     2  handlers.o(i.__scatterload_null)
    __scatterload_zeroinit                   0x08004071   Thumb Code    14  handlers.o(i.__scatterload_zeroinit)
    adc_init                                 0x080041e1   Thumb Code   416  scada_init.o(i.adc_init)
    checksum                                 0x08004395   Thumb Code    84  ip_arp_udp_tcp.o(i.checksum)
    delay_init                               0x080043e9   Thumb Code    54  systick.o(i.delay_init)
    delay_ms                                 0x0800442d   Thumb Code    74  systick.o(i.delay_ms)
    dif_count                                0x08004481   Thumb Code    24  stm32f10x_it.o(i.dif_count)
    dif_count1                               0x080044a1   Thumb Code    24  stm32f10x_it.o(i.dif_count1)
    enc28j60Init                             0x080044c1   Thumb Code   374  enc28j60.o(i.enc28j60Init)
    enc28j60PacketReceive                    0x08004645   Thumb Code   186  enc28j60.o(i.enc28j60PacketReceive)
    enc28j60PacketSend                       0x08004705   Thumb Code   102  enc28j60.o(i.enc28j60PacketSend)
    enc28j60PhyWrite                         0x0800476b   Thumb Code    48  enc28j60.o(i.enc28j60PhyWrite)
    enc28j60Read                             0x0800479b   Thumb Code    20  enc28j60.o(i.enc28j60Read)
    enc28j60ReadBuffer                       0x080047b1   Thumb Code    54  enc28j60.o(i.enc28j60ReadBuffer)
    enc28j60ReadOp                           0x080047ed   Thumb Code    64  enc28j60.o(i.enc28j60ReadOp)
    enc28j60SetBank                          0x08004831   Thumb Code    48  enc28j60.o(i.enc28j60SetBank)
    enc28j60Write                            0x08004865   Thumb Code    24  enc28j60.o(i.enc28j60Write)
    enc28j60WriteBuffer                      0x0800487d   Thumb Code    50  enc28j60.o(i.enc28j60WriteBuffer)
    enc28j60WriteOp                          0x080048b5   Thumb Code    54  enc28j60.o(i.enc28j60WriteOp)
    enc28j60clkout                           0x080048f1   Thumb Code    16  enc28j60.o(i.enc28j60clkout)
    enc28j60getrev                           0x08004901   Thumb Code    10  enc28j60.o(i.enc28j60getrev)
    eth_type_is_arp_and_my_ip                0x0800490d   Thumb Code    64  ip_arp_udp_tcp.o(i.eth_type_is_arp_and_my_ip)
    eth_type_is_ip_and_my_ip                 0x08004951   Thumb Code    72  ip_arp_udp_tcp.o(i.eth_type_is_ip_and_my_ip)
    fill_ip_hdr_checksum                     0x0800499d   Thumb Code    44  ip_arp_udp_tcp.o(i.fill_ip_hdr_checksum)
    fill_tcp_data_p                          0x080049c9   Thumb Code    34  ip_arp_udp_tcp.o(i.fill_tcp_data_p)
    get_tcp_data_pointer                     0x080049ed   Thumb Code    18  ip_arp_udp_tcp.o(i.get_tcp_data_pointer)
    home_show                                0x08004a09   Thumb Code   236  main.o(i.home_show)
    init_ip_arp_udp_tcp                      0x08004b29   Thumb Code    46  ip_arp_udp_tcp.o(i.init_ip_arp_udp_tcp)
    init_len_info                            0x08004b65   Thumb Code    56  ip_arp_udp_tcp.o(i.init_len_info)
    input_init                               0x08004ba5   Thumb Code    14  scada_init.o(i.input_init)
    key_init                                 0x08004bb5   Thumb Code   196  scada_init.o(i.key_init)
    main                                     0x08004c7d   Thumb Code   262  main.o(i.main)
    make_arp_answer_from_request             0x08004da1   Thumb Code    92  ip_arp_udp_tcp.o(i.make_arp_answer_from_request)
    make_echo_reply_from_request             0x08004e05   Thumb Code    62  ip_arp_udp_tcp.o(i.make_echo_reply_from_request)
    make_eth                                 0x08004e45   Thumb Code    30  ip_arp_udp_tcp.o(i.make_eth)
    make_ip                                  0x08004e69   Thumb Code    44  ip_arp_udp_tcp.o(i.make_ip)
    make_tcp_ack_from_any                    0x08004e99   Thumb Code    98  ip_arp_udp_tcp.o(i.make_tcp_ack_from_any)
    make_tcp_ack_with_data                   0x08004f01   Thumb Code    76  ip_arp_udp_tcp.o(i.make_tcp_ack_with_data)
    make_tcp_synack_from_syn                 0x08004f4d   Thumb Code    76  ip_arp_udp_tcp.o(i.make_tcp_synack_from_syn)
    make_tcphead                             0x08004f99   Thumb Code   170  ip_arp_udp_tcp.o(i.make_tcphead)
    message_show                             0x0800504d   Thumb Code   440  main.o(i.message_show)
    pvPortMalloc                             0x080054ed   Thumb Code   194  heap_2.o(i.pvPortMalloc)
    pwm_init                                 0x080055c5   Thumb Code   160  scada_init.o(i.pwm_init)
    pxPortInitialiseStack                    0x08005669   Thumb Code    26  port.o(i.pxPortInitialiseStack)
    relay_init                               0x08005685   Thumb Code    96  scada_init.o(i.relay_init)
    setms_timecount                          0x080056f1   Thumb Code    20  stm32f10x_it.o(i.setms_timecount)
    setms_timecount1                         0x0800570d   Thumb Code    20  stm32f10x_it.o(i.setms_timecount1)
    simple_server                            0x08005729   Thumb Code  1212  simple_server.o(i.simple_server)
    tftlcd_draw_rectangle                    0x08005bed   Thumb Code    64  glcd.o(i.tftlcd_draw_rectangle)
    tftlcd_write_pic                         0x08005c2d   Thumb Code    78  glcd.o(i.tftlcd_write_pic)
    vListInitialise                          0x08005c7b   Thumb Code    26  list.o(i.vListInitialise)
    vListInitialiseItem                      0x08005c95   Thumb Code     6  list.o(i.vListInitialiseItem)
    vListInsert                              0x08005c9b   Thumb Code    52  list.o(i.vListInsert)
    vListInsertEnd                           0x08005ccf   Thumb Code    28  list.o(i.vListInsertEnd)
    vListRemove                              0x08005ceb   Thumb Code    36  list.o(i.vListRemove)
    vPortEnterCritical                       0x08005d11   Thumb Code    18  port.o(i.vPortEnterCritical)
    vPortExitCritical                        0x08005d29   Thumb Code    24  port.o(i.vPortExitCritical)
    vPortFree                                0x08005d45   Thumb Code    56  heap_2.o(i.vPortFree)
    vPortYieldFromISR                        0x08005d85   Thumb Code    10  port.o(i.vPortYieldFromISR)
    vTaskDelay                               0x08005d95   Thumb Code    86  tasks.o(i.vTaskDelay)
    vTaskIncrementTick                       0x08005dfd   Thumb Code   160  tasks.o(i.vTaskIncrementTick)
    vTaskStartScheduler                      0x08005ebd   Thumb Code    52  tasks.o(i.vTaskStartScheduler)
    vTaskSuspendAll                          0x08005f05   Thumb Code    12  tasks.o(i.vTaskSuspendAll)
    vTaskSwitchContext                       0x08005f15   Thumb Code    92  tasks.o(i.vTaskSwitchContext)
    xPortStartScheduler                      0x08005f85   Thumb Code    42  port.o(i.xPortStartScheduler)
    xTaskGenericCreate                       0x08005fb9   Thumb Code   240  tasks.o(i.xTaskGenericCreate)
    xTaskResumeAll                           0x080060c5   Thumb Code   186  tasks.o(i.xTaskResumeAll)
    niawell                                  0x080061a0   Data       18004  main.o(.constdata)
    scadazoom                                0x0800a7f4   Data       25744  main.o(.constdata)
    AsciiLib                                 0x08011274   Data        4560  asciilib.o(.constdata)
    Region$$Table$$Base                      0x08012444   Number         0  anon$$obj.o(Region$$Table)
    Region$$Table$$Limit                     0x08012464   Number         0  anon$$obj.o(Region$$Table)
    f_help_me                                0x20000000   Data           1  main.o(.data)
    polldata                                 0x20000002   Data          30  main.o(.data)
    ip_Set_act                               0x20000020   Data           1  main.o(.data)
    count                                    0x20000030   Data           8  stm32f10x_it.o(.data)
    difs_count                               0x20000038   Data           8  stm32f10x_it.o(.data)
    difs_count1                              0x20000040   Data           8  stm32f10x_it.o(.data)
    t_h                                      0x20000048   Data           1  glcd.o(.data)
    t_w                                      0x20000049   Data           1  glcd.o(.data)
    font_s                                   0x2000004a   Data           1  glcd.o(.data)
    DeviceCode                               0x2000004c   Data           2  glcd.o(.data)
    i                                        0x20000054   Data           2  glcd.o(.data)
    mymac                                    0x20000086   Data           6  simple_server.o(.data)
    myip                                     0x2000008c   Data           4  simple_server.o(.data)
    mywwwport                                0x200000a6   Data           2  simple_server.o(.data)
    pxCurrentTCB                             0x200000b0   Data           4  tasks.o(.data)
    adc_avg                                  0x20000104   Data          14  main.o(.bss)
    ADC_ConvertedValue                       0x20000120   Data          14  scada_init.o(.bss)
    STMFLASH_BUF                             0x2000012e   Data        2048  stmflash_1.o(.bss)
    __initial_sp                             0x20005bd8   Data           0  startup_stm32f10x_hd.o(STACK)



==============================================================================

Memory Map of the image

  Image Entry point : 0x08000131

  Load Region LR_IROM1 (Base: 0x08000000, Size: 0x00012568, Max: 0x00080000, ABSOLUTE)

    Execution Region ER_IROM1 (Exec base: 0x08000000, Load base: 0x08000000, Size: 0x00012464, Max: 0x00080000, ABSOLUTE)

    Exec Addr    Load Addr    Size         Type   Attr      Idx    E Section Name        Object

    0x08000000   0x08000000   0x00000130   Data   RO         3689    RESET               startup_stm32f10x_hd.o
    0x08000130   0x08000130   0x00000000   Code   RO         4411  * .ARM.Collect$$$$00000000  mc_w.l(entry.o)
    0x08000130   0x08000130   0x00000004   Code   RO         4685    .ARM.Collect$$$$00000001  mc_w.l(entry2.o)
    0x08000134   0x08000134   0x00000004   Code   RO         4688    .ARM.Collect$$$$00000004  mc_w.l(entry5.o)
    0x08000138   0x08000138   0x00000000   Code   RO         4690    .ARM.Collect$$$$00000008  mc_w.l(entry7b.o)
    0x08000138   0x08000138   0x00000000   Code   RO         4692    .ARM.Collect$$$$0000000A  mc_w.l(entry8b.o)
    0x08000138   0x08000138   0x00000008   Code   RO         4693    .ARM.Collect$$$$0000000B  mc_w.l(entry9a.o)
    0x08000140   0x08000140   0x00000000   Code   RO         4695    .ARM.Collect$$$$0000000D  mc_w.l(entry10a.o)
    0x08000140   0x08000140   0x00000000   Code   RO         4697    .ARM.Collect$$$$0000000F  mc_w.l(entry11a.o)
    0x08000140   0x08000140   0x00000004   Code   RO         4686    .ARM.Collect$$$$00002712  mc_w.l(entry2.o)
    0x08000144   0x08000144   0x00000088   Code   RO         4318    .emb_text           port.o
    0x080001cc   0x080001cc   0x00000024   Code   RO         3690    .text               startup_stm32f10x_hd.o
    0x080001f0   0x080001f0   0x00000024   Code   RO         4418    .text               mc_w.l(memseta.o)
    0x08000214   0x08000214   0x00000018   Code   RO         4420    .text               mc_w.l(strncpy.o)
    0x0800022c   0x0800022c   0x0000002c   Code   RO         4702    .text               mc_w.l(uidiv.o)
    0x08000258   0x08000258   0x00000024   Code   RO         4719    .text               mc_w.l(init.o)
    0x0800027c   0x0800027c   0x00000016   Code   RO         1199    i.ADC_Cmd           stm32f10x_adc.o
    0x08000292   0x08000292   0x00000016   Code   RO         1200    i.ADC_DMACmd        stm32f10x_adc.o
    0x080002a8   0x080002a8   0x00000014   Code   RO         1207    i.ADC_GetCalibrationStatus  stm32f10x_adc.o
    0x080002bc   0x080002bc   0x00000014   Code   RO         1213    i.ADC_GetResetCalibrationStatus  stm32f10x_adc.o
    0x080002d0   0x080002d0   0x00000050   Code   RO         1217    i.ADC_Init          stm32f10x_adc.o
    0x08000320   0x08000320   0x000000b8   Code   RO         1221    i.ADC_RegularChannelConfig  stm32f10x_adc.o
    0x080003d8   0x080003d8   0x0000000a   Code   RO         1222    i.ADC_ResetCalibration  stm32f10x_adc.o
    0x080003e2   0x080003e2   0x00000016   Code   RO         1224    i.ADC_SoftwareStartConvCmd  stm32f10x_adc.o
    0x080003f8   0x080003f8   0x0000000a   Code   RO         1226    i.ADC_StartCalibration  stm32f10x_adc.o
    0x08000402   0x08000402   0x00000002   PAD
    0x08000404   0x08000404   0x000000f8   Code   RO            1    i.ADC_show          main.o
    0x080004fc   0x080004fc   0x00000004   Code   RO          164    i.BusFault_Handler  stm32f10x_it.o
    0x08000500   0x08000500   0x00000018   Code   RO         1875    i.DMA_Cmd           stm32f10x_dma.o
    0x08000518   0x08000518   0x0000014c   Code   RO         1876    i.DMA_DeInit        stm32f10x_dma.o
    0x08000664   0x08000664   0x0000003c   Code   RO         1881    i.DMA_Init          stm32f10x_dma.o
    0x080006a0   0x080006a0   0x00000002   Code   RO          165    i.DebugMon_Handler  stm32f10x_it.o
    0x080006a2   0x080006a2   0x00000002   PAD
    0x080006a4   0x080006a4   0x000002dc   Code   RO            2    i.Digital_show      main.o
    0x08000980   0x08000980   0x00000014   Code   RO            3    i.ETH_Task          main.o
    0x08000994   0x08000994   0x00000044   Code   RO          166    i.EXTI15_10_IRQHandler  stm32f10x_it.o
    0x080009d8   0x080009d8   0x0000000c   Code   RO         1949    i.EXTI_ClearITPendingBit  stm32f10x_exti.o
    0x080009e4   0x080009e4   0x00000028   Code   RO         1953    i.EXTI_GetITStatus  stm32f10x_exti.o
    0x08000a0c   0x08000a0c   0x00000094   Code   RO         1954    i.EXTI_Init         stm32f10x_exti.o
    0x08000aa0   0x08000aa0   0x0000004c   Code   RO          707    i.FLASH_ErasePage   stm32f10x_flash.o
    0x08000aec   0x08000aec   0x00000034   Code   RO          708    i.FLASH_GetBank1Status  stm32f10x_flash.o
    0x08000b20   0x08000b20   0x00000014   Code   RO          717    i.FLASH_Lock        stm32f10x_flash.o
    0x08000b34   0x08000b34   0x00000040   Code   RO          720    i.FLASH_ProgramHalfWord  stm32f10x_flash.o
    0x08000b74   0x08000b74   0x00000018   Code   RO          725    i.FLASH_Unlock      stm32f10x_flash.o
    0x08000b8c   0x08000b8c   0x00000026   Code   RO          729    i.FLASH_WaitForLastOperation  stm32f10x_flash.o
    0x08000bb2   0x08000bb2   0x00000002   PAD
    0x08000bb4   0x08000bb4   0x00000034   Code   RO         2013    i.FSMC_NORSRAMCmd   stm32f10x_fsmc.o
    0x08000be8   0x08000be8   0x000000e6   Code   RO         2015    i.FSMC_NORSRAMInit  stm32f10x_fsmc.o
    0x08000cce   0x08000cce   0x00000002   PAD
    0x08000cd0   0x08000cd0   0x00000040   Code   RO          882    i.GPIO_EXTILineConfig  stm32f10x_gpio.o
    0x08000d10   0x08000d10   0x00000116   Code   RO          885    i.GPIO_Init         stm32f10x_gpio.o
    0x08000e26   0x08000e26   0x00000002   PAD
    0x08000e28   0x08000e28   0x00000090   Code   RO          887    i.GPIO_PinRemapConfig  stm32f10x_gpio.o
    0x08000eb8   0x08000eb8   0x00000012   Code   RO          889    i.GPIO_ReadInputDataBit  stm32f10x_gpio.o
    0x08000eca   0x08000eca   0x00000004   Code   RO          892    i.GPIO_ResetBits    stm32f10x_gpio.o
    0x08000ece   0x08000ece   0x00000004   Code   RO          893    i.GPIO_SetBits      stm32f10x_gpio.o
    0x08000ed2   0x08000ed2   0x00000002   PAD
    0x08000ed4   0x08000ed4   0x00000858   Code   RO            4    i.GUI_Task          main.o
    0x0800172c   0x0800172c   0x0000006c   Code   RO          413    i.GUI_Text          glcd.o
    0x08001798   0x08001798   0x0000005c   Code   RO          562    i.GetASCIICode      asciilib.o
    0x080017f4   0x080017f4   0x00000004   Code   RO          170    i.HardFault_Handler  stm32f10x_it.o
    0x080017f8   0x080017f8   0x000000a4   Code   RO          415    i.LCD_BackLight_Init  glcd.o
    0x0800189c   0x0800189c   0x00000080   Code   RO          416    i.LCD_Clear         glcd.o
    0x0800191c   0x0800191c   0x0000000c   Code   RO          417    i.LCD_Configuration  glcd.o
    0x08001928   0x08001928   0x0000007c   Code   RO          418    i.LCD_CtrlLinesConfig  glcd.o
    0x080019a4   0x080019a4   0x00000074   Code   RO          420    i.LCD_FSMCConfig    glcd.o
    0x08001a18   0x08001a18   0x00001764   Code   RO          422    i.LCD_Initializtion  glcd.o
    0x0800317c   0x0800317c   0x0000000c   Code   RO          525    i.LCD_ReadData      glcd.o
    0x08003188   0x08003188   0x00000010   Code   RO          530    i.LCD_ReadReg       glcd.o
    0x08003198   0x08003198   0x0000007c   Code   RO          423    i.LCD_SetCursor     glcd.o
    0x08003214   0x08003214   0x00000028   Code   RO          424    i.LCD_SetPoint      glcd.o
    0x0800323c   0x0800323c   0x0000000c   Code   RO          510    i.LCD_WriteData     glcd.o
    0x08003248   0x08003248   0x00000008   Code   RO          515    i.LCD_WriteIndex    glcd.o
    0x08003250   0x08003250   0x00000014   Code   RO          520    i.LCD_WriteReg      glcd.o
    0x08003264   0x08003264   0x00000004   Code   RO          171    i.MemManage_Handler  stm32f10x_it.o
    0x08003268   0x08003268   0x00000002   Code   RO          172    i.NMI_Handler       stm32f10x_it.o
    0x0800326a   0x0800326a   0x00000002   PAD
    0x0800326c   0x0800326c   0x00000070   Code   RO          666    i.NVIC_Init         misc.o
    0x080032dc   0x080032dc   0x00000014   Code   RO          667    i.NVIC_PriorityGroupConfig  misc.o
    0x080032f0   0x080032f0   0x00000368   Code   RO            5    i.Poll_Handle       main.o
    0x08003658   0x08003658   0x000000b8   Code   RO          425    i.PutChar           glcd.o
    0x08003710   0x08003710   0x00000020   Code   RO          994    i.RCC_AHBPeriphClockCmd  stm32f10x_rcc.o
    0x08003730   0x08003730   0x00000020   Code   RO          995    i.RCC_APB1PeriphClockCmd  stm32f10x_rcc.o
    0x08003750   0x08003750   0x00000020   Code   RO          997    i.RCC_APB2PeriphClockCmd  stm32f10x_rcc.o
    0x08003770   0x08003770   0x000000d4   Code   RO         1005    i.RCC_GetClocksFreq  stm32f10x_rcc.o
    0x08003844   0x08003844   0x000000c0   Code   RO         3934    i.SPI1_Init         spi.o
    0x08003904   0x08003904   0x00000038   Code   RO         3935    i.SPI1_ReadWrite    spi.o
    0x0800393c   0x0800393c   0x00000018   Code   RO         2718    i.SPI_Cmd           stm32f10x_spi.o
    0x08003954   0x08003954   0x00000012   Code   RO         2726    i.SPI_I2S_GetFlagStatus  stm32f10x_spi.o
    0x08003966   0x08003966   0x00000006   Code   RO         2729    i.SPI_I2S_ReceiveData  stm32f10x_spi.o
    0x0800396c   0x0800396c   0x00000004   Code   RO         2730    i.SPI_I2S_SendData  stm32f10x_spi.o
    0x08003970   0x08003970   0x0000003c   Code   RO         2731    i.SPI_Init          stm32f10x_spi.o
    0x080039ac   0x080039ac   0x00000022   Code   RO          365    i.STMFLASH_Read     stmflash_1.o
    0x080039ce   0x080039ce   0x00000006   Code   RO          366    i.STMFLASH_ReadHalfWord  stmflash_1.o
    0x080039d4   0x080039d4   0x000000e8   Code   RO          367    i.STMFLASH_Write    stmflash_1.o
    0x08003abc   0x08003abc   0x00000026   Code   RO          368    i.STMFLASH_Write_NoCheck  stmflash_1.o
    0x08003ae2   0x08003ae2   0x00000008   Code   RO         3653    i.SetSysClock       system_stm32f10x.o
    0x08003aea   0x08003aea   0x00000002   PAD
    0x08003aec   0x08003aec   0x000000e0   Code   RO         3654    i.SetSysClockTo72   system_stm32f10x.o
    0x08003bcc   0x08003bcc   0x00000038   Code   RO          426    i.Set_font          glcd.o
    0x08003c04   0x08003c04   0x00000028   Code   RO          670    i.SysTick_CLKSourceConfig  misc.o
    0x08003c2c   0x08003c2c   0x00000036   Code   RO          595    i.SysTick_CounterCmd  stm32f10x_systick.o
    0x08003c62   0x08003c62   0x0000002e   Code   RO          597    i.SysTick_GetFlagStatus  stm32f10x_systick.o
    0x08003c90   0x08003c90   0x00000034   Code   RO         4319    i.SysTick_Handler   port.o
    0x08003cc4   0x08003cc4   0x00000026   Code   RO          598    i.SysTick_ITConfig  stm32f10x_systick.o
    0x08003cea   0x08003cea   0x00000008   Code   RO          599    i.SysTick_SetReload  stm32f10x_systick.o
    0x08003cf2   0x08003cf2   0x00000002   PAD
    0x08003cf4   0x08003cf4   0x00000060   Code   RO         3656    i.SystemInit        system_stm32f10x.o
    0x08003d54   0x08003d54   0x00000018   Code   RO         2861    i.TIM_ARRPreloadConfig  stm32f10x_tim.o
    0x08003d6c   0x08003d6c   0x00000018   Code   RO         2873    i.TIM_Cmd           stm32f10x_tim.o
    0x08003d84   0x08003d84   0x000000a4   Code   RO         2907    i.TIM_OC2Init       stm32f10x_tim.o
    0x08003e28   0x08003e28   0x0000001a   Code   RO         2910    i.TIM_OC2PreloadConfig  stm32f10x_tim.o
    0x08003e42   0x08003e42   0x00000002   PAD
    0x08003e44   0x08003e44   0x000000a0   Code   RO         2912    i.TIM_OC3Init       stm32f10x_tim.o
    0x08003ee4   0x08003ee4   0x00000012   Code   RO         2915    i.TIM_OC3PreloadConfig  stm32f10x_tim.o
    0x08003ef6   0x08003ef6   0x00000002   PAD
    0x08003ef8   0x08003ef8   0x0000007c   Code   RO         2917    i.TIM_OC4Init       stm32f10x_tim.o
    0x08003f74   0x08003f74   0x0000001a   Code   RO         2919    i.TIM_OC4PreloadConfig  stm32f10x_tim.o
    0x08003f8e   0x08003f8e   0x00000002   PAD
    0x08003f90   0x08003f90   0x000000a4   Code   RO         2944    i.TIM_TimeBaseInit  stm32f10x_tim.o
    0x08004034   0x08004034   0x00000004   Code   RO          173    i.UsageFault_Handler  stm32f10x_it.o
    0x08004038   0x08004038   0x00000028   Code   RO         4471    i.__0sprintf$1      mc_w.l(printf1.o)
    0x08004060   0x08004060   0x0000000e   Code   RO         4729    i.__scatterload_copy  mc_w.l(handlers.o)
    0x0800406e   0x0800406e   0x00000002   Code   RO         4730    i.__scatterload_null  mc_w.l(handlers.o)
    0x08004070   0x08004070   0x0000000e   Code   RO         4731    i.__scatterload_zeroinit  mc_w.l(handlers.o)
    0x0800407e   0x0800407e   0x00000002   PAD
    0x08004080   0x08004080   0x00000154   Code   RO         4476    i._printf_core      mc_w.l(printf1.o)
    0x080041d4   0x080041d4   0x0000000a   Code   RO         4478    i._sputc            mc_w.l(printf1.o)
    0x080041de   0x080041de   0x00000002   PAD
    0x080041e0   0x080041e0   0x000001b4   Code   RO          320    i.adc_init          scada_init.o
    0x08004394   0x08004394   0x00000054   Code   RO         3694    i.checksum          ip_arp_udp_tcp.o
    0x080043e8   0x080043e8   0x00000044   Code   RO          634    i.delay_init        systick.o
    0x0800442c   0x0800442c   0x00000054   Code   RO          635    i.delay_ms          systick.o
    0x08004480   0x08004480   0x00000020   Code   RO          174    i.dif_count         stm32f10x_it.o
    0x080044a0   0x080044a0   0x00000020   Code   RO          175    i.dif_count1        stm32f10x_it.o
    0x080044c0   0x080044c0   0x00000184   Code   RO         3842    i.enc28j60Init      enc28j60.o
    0x08004644   0x08004644   0x000000c0   Code   RO         3843    i.enc28j60PacketReceive  enc28j60.o
    0x08004704   0x08004704   0x00000066   Code   RO         3844    i.enc28j60PacketSend  enc28j60.o
    0x0800476a   0x0800476a   0x00000030   Code   RO         3845    i.enc28j60PhyWrite  enc28j60.o
    0x0800479a   0x0800479a   0x00000014   Code   RO         3846    i.enc28j60Read      enc28j60.o
    0x080047ae   0x080047ae   0x00000002   PAD
    0x080047b0   0x080047b0   0x0000003c   Code   RO         3847    i.enc28j60ReadBuffer  enc28j60.o
    0x080047ec   0x080047ec   0x00000044   Code   RO         3848    i.enc28j60ReadOp    enc28j60.o
    0x08004830   0x08004830   0x00000034   Code   RO         3849    i.enc28j60SetBank   enc28j60.o
    0x08004864   0x08004864   0x00000018   Code   RO         3850    i.enc28j60Write     enc28j60.o
    0x0800487c   0x0800487c   0x00000038   Code   RO         3851    i.enc28j60WriteBuffer  enc28j60.o
    0x080048b4   0x080048b4   0x0000003c   Code   RO         3852    i.enc28j60WriteOp   enc28j60.o
    0x080048f0   0x080048f0   0x00000010   Code   RO         3853    i.enc28j60clkout    enc28j60.o
    0x08004900   0x08004900   0x0000000a   Code   RO         3854    i.enc28j60getrev    enc28j60.o
    0x0800490a   0x0800490a   0x00000002   PAD
    0x0800490c   0x0800490c   0x00000044   Code   RO         3695    i.eth_type_is_arp_and_my_ip  ip_arp_udp_tcp.o
    0x08004950   0x08004950   0x0000004c   Code   RO         3696    i.eth_type_is_ip_and_my_ip  ip_arp_udp_tcp.o
    0x0800499c   0x0800499c   0x0000002c   Code   RO         3697    i.fill_ip_hdr_checksum  ip_arp_udp_tcp.o
    0x080049c8   0x080049c8   0x00000022   Code   RO         3699    i.fill_tcp_data_p   ip_arp_udp_tcp.o
    0x080049ea   0x080049ea   0x00000002   PAD
    0x080049ec   0x080049ec   0x0000001c   Code   RO         3700    i.get_tcp_data_pointer  ip_arp_udp_tcp.o
    0x08004a08   0x08004a08   0x00000120   Code   RO            6    i.home_show         main.o
    0x08004b28   0x08004b28   0x0000003c   Code   RO         3701    i.init_ip_arp_udp_tcp  ip_arp_udp_tcp.o
    0x08004b64   0x08004b64   0x00000040   Code   RO         3702    i.init_len_info     ip_arp_udp_tcp.o
    0x08004ba4   0x08004ba4   0x0000000e   Code   RO          321    i.input_init        scada_init.o
    0x08004bb2   0x08004bb2   0x00000002   PAD
    0x08004bb4   0x08004bb4   0x000000c8   Code   RO          322    i.key_init          scada_init.o
    0x08004c7c   0x08004c7c   0x00000124   Code   RO            7    i.main              main.o
    0x08004da0   0x08004da0   0x00000064   Code   RO         3703    i.make_arp_answer_from_request  ip_arp_udp_tcp.o
    0x08004e04   0x08004e04   0x0000003e   Code   RO         3704    i.make_echo_reply_from_request  ip_arp_udp_tcp.o
    0x08004e42   0x08004e42   0x00000002   PAD
    0x08004e44   0x08004e44   0x00000024   Code   RO         3705    i.make_eth          ip_arp_udp_tcp.o
    0x08004e68   0x08004e68   0x00000030   Code   RO         3706    i.make_ip           ip_arp_udp_tcp.o
    0x08004e98   0x08004e98   0x00000068   Code   RO         3707    i.make_tcp_ack_from_any  ip_arp_udp_tcp.o
    0x08004f00   0x08004f00   0x0000004c   Code   RO         3708    i.make_tcp_ack_with_data  ip_arp_udp_tcp.o
    0x08004f4c   0x08004f4c   0x0000004c   Code   RO         3709    i.make_tcp_synack_from_syn  ip_arp_udp_tcp.o
    0x08004f98   0x08004f98   0x000000b4   Code   RO         3710    i.make_tcphead      ip_arp_udp_tcp.o
    0x0800504c   0x0800504c   0x0000030c   Code   RO            8    i.message_show      main.o
    0x08005358   0x08005358   0x0000003a   Code   RO         4118    i.prvAllocateTCBAndStack  tasks.o
    0x08005392   0x08005392   0x00000002   PAD
    0x08005394   0x08005394   0x0000006c   Code   RO         4119    i.prvCheckTasksWaitingTermination  tasks.o
    0x08005400   0x08005400   0x00000012   Code   RO         4120    i.prvDeleteTCB      tasks.o
    0x08005412   0x08005412   0x00000002   PAD
    0x08005414   0x08005414   0x00000018   Code   RO         4121    i.prvIdleTask       tasks.o
    0x0800542c   0x0800542c   0x00000044   Code   RO         4122    i.prvInitialiseTCBVariables  tasks.o
    0x08005470   0x08005470   0x00000068   Code   RO         4123    i.prvInitialiseTaskLists  tasks.o
    0x080054d8   0x080054d8   0x00000014   Code   RO         4320    i.prvSetupTimerInterrupt  port.o
    0x080054ec   0x080054ec   0x000000d8   Code   RO         4378    i.pvPortMalloc      heap_2.o
    0x080055c4   0x080055c4   0x000000a4   Code   RO          323    i.pwm_init          scada_init.o
    0x08005668   0x08005668   0x0000001a   Code   RO         4321    i.pxPortInitialiseStack  port.o
    0x08005682   0x08005682   0x00000002   PAD
    0x08005684   0x08005684   0x0000006c   Code   RO          324    i.relay_init        scada_init.o
    0x080056f0   0x080056f0   0x0000001c   Code   RO          177    i.setms_timecount   stm32f10x_it.o
    0x0800570c   0x0800570c   0x0000001c   Code   RO          178    i.setms_timecount1  stm32f10x_it.o
    0x08005728   0x08005728   0x000004c4   Code   RO         3816    i.simple_server     simple_server.o
    0x08005bec   0x08005bec   0x00000040   Code   RO          427    i.tftlcd_draw_rectangle  glcd.o
    0x08005c2c   0x08005c2c   0x0000004e   Code   RO          428    i.tftlcd_write_pic  glcd.o
    0x08005c7a   0x08005c7a   0x0000001a   Code   RO         3955    i.vListInitialise   list.o
    0x08005c94   0x08005c94   0x00000006   Code   RO         3956    i.vListInitialiseItem  list.o
    0x08005c9a   0x08005c9a   0x00000034   Code   RO         3957    i.vListInsert       list.o
    0x08005cce   0x08005cce   0x0000001c   Code   RO         3958    i.vListInsertEnd    list.o
    0x08005cea   0x08005cea   0x00000024   Code   RO         3959    i.vListRemove       list.o
    0x08005d0e   0x08005d0e   0x00000002   PAD
    0x08005d10   0x08005d10   0x00000018   Code   RO         4323    i.vPortEnterCritical  port.o
    0x08005d28   0x08005d28   0x0000001c   Code   RO         4324    i.vPortExitCritical  port.o
    0x08005d44   0x08005d44   0x00000040   Code   RO         4379    i.vPortFree         heap_2.o
    0x08005d84   0x08005d84   0x00000010   Code   RO         4325    i.vPortYieldFromISR  port.o
    0x08005d94   0x08005d94   0x00000068   Code   RO         4126    i.vTaskDelay        tasks.o
    0x08005dfc   0x08005dfc   0x000000c0   Code   RO         4130    i.vTaskIncrementTick  tasks.o
    0x08005ebc   0x08005ebc   0x00000048   Code   RO         4136    i.vTaskStartScheduler  tasks.o
    0x08005f04   0x08005f04   0x00000010   Code   RO         4138    i.vTaskSuspendAll   tasks.o
    0x08005f14   0x08005f14   0x00000070   Code   RO         4139    i.vTaskSwitchContext  tasks.o
    0x08005f84   0x08005f84   0x00000034   Code   RO         4326    i.xPortStartScheduler  port.o
    0x08005fb8   0x08005fb8   0x0000010c   Code   RO         4141    i.xTaskGenericCreate  tasks.o
    0x080060c4   0x080060c4   0x000000dc   Code   RO         4146    i.xTaskResumeAll    tasks.o
    0x080061a0   0x080061a0   0x0000aae4   Data   RO           10    .constdata          main.o
    0x08010c84   0x08010c84   0x000017c0   Data   RO          563    .constdata          asciilib.o
    0x08012444   0x08012444   0x00000020   Data   RO         4727    Region$$Table       anon$$obj.o


    Execution Region RW_IRAM1 (Exec base: 0x20000000, Load base: 0x08012464, Size: 0x00005bd8, Max: 0x00010000, ABSOLUTE)

    Exec Addr    Load Addr    Size         Type   Attr      Idx    E Section Name        Object

    0x20000000   0x08012464   0x0000002b   Data   RW           11    .data               main.o
    0x2000002b   0x0801248f   0x00000005   PAD
    0x20000030   0x08012494   0x00000018   Data   RW          180    .data               stm32f10x_it.o
    0x20000048   0x080124ac   0x0000000e   Data   RW          429    .data               glcd.o
    0x20000056   0x080124ba   0x00000005   Data   RW          637    .data               systick.o
    0x2000005b   0x080124bf   0x00000014   Data   RW         1025    .data               stm32f10x_rcc.o
    0x2000006f   0x080124d3   0x00000001   PAD
    0x20000070   0x080124d4   0x00000015   Data   RW         3712    .data               ip_arp_udp_tcp.o
    0x20000085   0x080124e9   0x00000001   PAD
    0x20000086   0x080124ea   0x00000024   Data   RW         3818    .data               simple_server.o
    0x200000aa   0x0801250e   0x00000004   Data   RW         3855    .data               enc28j60.o
    0x200000ae   0x08012512   0x00000002   PAD
    0x200000b0   0x08012514   0x00000038   Data   RW         4149    .data               tasks.o
    0x200000e8   0x0801254c   0x00000004   Data   RW         4327    .data               port.o
    0x200000ec   0x08012550   0x00000018   Data   RW         4383    .data               heap_2.o
    0x20000104        -       0x0000001c   Zero   RW            9    .bss                main.o
    0x20000120        -       0x0000000e   Zero   RW          325    .bss                scada_init.o
    0x2000012e        -       0x00000800   Zero   RW          370    .bss                stmflash_1.o
    0x2000092e        -       0x000005dd   Zero   RW         3817    .bss                simple_server.o
    0x20000f0b   0x08012568   0x00000001   PAD
    0x20000f0c        -       0x000000c8   Zero   RW         4148    .bss                tasks.o
    0x20000fd4   0x08012568   0x00000004   PAD
    0x20000fd8        -       0x00003c00   Zero   RW         4382    .bss                heap_2.o
    0x20004bd8        -       0x00001000   Zero   RW         3687    STACK               startup_stm32f10x_hd.o


==============================================================================

Image component sizes


      Code (inc. data)   RO Data    RW Data    ZI Data      Debug   Object Name

        92         12       6080          0          0       1215   asciilib.o
         0          0          0          0          0         32   core_cm3.o
      1096         46          0          4          0       7984   enc28j60.o
      7254        134          0         14          0      15238   glcd.o
       280         30          0         24      15360       3531   heap_2.o
      1140         74          0         21          0      10814   ip_arp_udp_tcp.o
       148          0          0          0          0       7873   list.o
      5368        780      43748         43         28     247272   main.o
       172         22          0          0          0       2121   misc.o
       354         52          0          4          0       4481   port.o
         0          0          0          0          0       1636   queue.o
       922         40          0          0         14      22552   scada_init.o
      1220         30          0         36       1501       2378   simple_server.o
       248         20          0          0          0       8113   spi.o
        36          8        304          0       4096        872   startup_stm32f10x_hd.o
       390         10          0          0          0      16645   stm32f10x_adc.o
       416          8          0          0          0      13378   stm32f10x_dma.o
       200         18          0          0          0       2180   stm32f10x_exti.o
       274         30          0          0          0       9906   stm32f10x_flash.o
       282          6          0          0          0       1869   stm32f10x_fsmc.o
       512         10          0          0          0       5220   stm32f10x_gpio.o
       208         44          0         24          0     263369   stm32f10x_it.o
       308         38          0         20          0       5070   stm32f10x_rcc.o
       112          0          0          0          0       3934   stm32f10x_spi.o
       146          0          0          0          0       2084   stm32f10x_systick.o
       730         72          0          0          0       6347   stm32f10x_tim.o
       310         10          0          0       2048       3381   stmflash_1.o
       328         28          0          0          0       1789   system_stm32f10x.o
       152         24          0          5          0       1260   systick.o
      1364        208          0         56        200      10812   tasks.o

    ----------------------------------------------------------------------
     24104       1754      50164        260      23252     683356   Object Totals
         0          0         32          0          0          0   (incl. Generated)
        42          0          0          9          5          0   (incl. Padding)

    ----------------------------------------------------------------------

      Code (inc. data)   RO Data    RW Data    ZI Data      Debug   Library Member Name

         0          0          0          0          0          0   entry.o
         0          0          0          0          0          0   entry10a.o
         0          0          0          0          0          0   entry11a.o
         8          4          0          0          0          0   entry2.o
         4          0          0          0          0          0   entry5.o
         0          0          0          0          0          0   entry7b.o
         0          0          0          0          0          0   entry8b.o
         8          4          0          0          0          0   entry9a.o
        30          0          0          0          0          0   handlers.o
        36          8          0          0          0         68   init.o
        36          0          0          0          0        108   memseta.o
       390         10          0          0          0        252   printf1.o
        24          0          0          0          0         76   strncpy.o
        44          0          0          0          0         80   uidiv.o

    ----------------------------------------------------------------------
       584         26          0          0          0        584   Library Totals
         4          0          0          0          0          0   (incl. Padding)

    ----------------------------------------------------------------------

      Code (inc. data)   RO Data    RW Data    ZI Data      Debug   Library Name

       580         26          0          0          0        584   mc_w.l

    ----------------------------------------------------------------------
       584         26          0          0          0        584   Library Totals

    ----------------------------------------------------------------------

==============================================================================


      Code (inc. data)   RO Data    RW Data    ZI Data      Debug   

     24688       1780      50164        260      23252     675460   Grand Totals
     24688       1780      50164        260      23252     675460   ELF Image Totals
     24688       1780      50164        260          0          0   ROM Totals

==============================================================================

    Total RO  Size (Code + RO Data)                74852 (  73.10kB)
    Total RW  Size (RW Data + ZI Data)             23512 (  22.96kB)
    Total ROM Size (Code + RO Data + RW Data)      75112 (  73.35kB)

==============================================================================

